Microchip MPLAB XC8 Compiler V1.38 ()

Linker command line:

-W-3 --edf=F:\Microchip\XC8\dat\en_msgs.txt -cs \
  -h+dist/Offset/production\GBA-SPi.X.production.sym \
  --cmf=dist/Offset/production\GBA-SPi.X.production.cmf -z -Q18F25K80 \
  -oC:\Users\Cody\AppData\Local\Temp\s39o.2 \
  -Mdist/Offset/production/GBA-SPi.X.production.map -E1 -ver=XC8 \
  -ASTACK=0289h-0e40h -pstack=STACK -ACODE=0800h-07FFFh \
  -ACONST=0800h-07FFFh -ASMALLCONST=0F00h-0FFFhx113 \
  -AMEDIUMCONST=0F00h-07FFFh -ACOMRAM=01h-05Fh -AABS1=00h-0E40h \
  -ABIGRAM=01h-0E40h -ARAM=060h-0FFh,0100h-01FFhx13,0E00h-0E40h \
  -ABANK0=060h-0FFh -ABANK1=0100h-01FFh -ABANK2=0200h-02FFh \
  -ABANK3=0300h-03FFh -ABANK4=0400h-04FFh -ABANK5=0500h-05FFh \
  -ABANK6=0600h-06FFh -ABANK7=0700h-07FFh -ABANK8=0800h-08FFh \
  -ABANK9=0900h-09FFh -ABANK10=0A00h-0AFFh -ABANK11=0B00h-0BFFh \
  -ABANK12=0C00h-0CFFh -ABANK13=0D00h-0DFFh -ABANK14=0E00h-0E40h \
  -ASFR=0E41h-0EFFh,0F00h-0F5Fh,0F60h-0FFFh \
  -preset_vec=0800h,intcode=0808h,intcodelo,powerup,init,end_init \
  -pramtop=0F00h -psmallconst=SMALLCONST -pmediumconst=MEDIUMCONST \
  -pconst=CONST -AFARRAM=00h-00h -ACONFIG=0300000h-030000Dh -pconfig=CONFIG \
  -AIDLOC=0200000h-0200007h -pidloc=IDLOC -AEEDATA=0F00000h-0F003FFh \
  -peeprom_data=EEDATA \
  -prdata=COMRAM,nvrram=COMRAM,nvbit=COMRAM,rbss=COMRAM,rbit=COMRAM \
  -pfarbss=FARRAM,fardata=FARRAM,nvFARRAM=FARRAM \
  -pintsave_regs=BIGRAM,bigbss=BIGRAM,bigdata=BIGRAM -pbss=RAM \
  -pidata=CODE,irdata=CODE,ibigdata=CODE,ifardata=CODE -prparam=COMRAM \
  C:\Users\Cody\AppData\Local\Temp\s39o.obj \
  dist/Offset/production\GBA-SPi.X.production.obj 

Object code version is 3.11

Machine type is 18F25K80

Call graph: (short form)




                Name                               Link     Load   Length Selector   Space Scale
C:\Users\Cody\AppData\Local\Temp\s39o.obj
                end_init                            916      916        4      404       0
                reset_vec                           800      800        4      400       0
                idloc                            200000   200000        8   200000       0
                config                           300000   300000        E   300000       0
dist/Offset/production\GBA-SPi.X.production.obj
                intcode                             808      808      10E      404       0
                temp                                 4C       4C        1        1       1
                mediumconst                        7A62     7A62      59E     3D31       0
                text99                             3208     3208        8      404       0
                text98                             3134     3134       16      404       0
                text97                             2F60     2F60       2C      404       0
                text96                             2DEC     2DEC       32      404       0
                text95                             2F34     2F34       2C      404       0
                text94                             2DBA     2DBA       32      404       0
                text93                             3230     3230        2     190E       0
                text92                             3102     3102       1A      404       0
                text91                             2A5E     2A5E       42      404       0
                text90                             1110     1110      274      404       0
                text89                             322E     322E        2     190E       0
                text88                             2FB2     2FB2       26      404       0
                text87                             2382     2382       90      404       0
                text86                             31A4     31A4       10      404       0
                text85                             3182     3182       12      404       0
                text84                             2E7E     2E7E       30      404       0
                text83                             3170     3170       12      404       0
                text82                             2E4E     2E4E       30      404       0
                text80                             30E8     30E8       1A      404       0
                text79                             2794     2794       50      404       0
                text78                             1F9E     1F9E       BA      404       0
                text77                             2830     2830       4C      404       0
                text76                             2996     2996       44      404       0
                text75                             27E4     27E4       4C      404       0
                text74                             2110     2110       B8      404       0
                text73                             30CE     30CE       1A      404       0
                text72                             2B1C     2B1C       3E      404       0
                text71                             2D86     2D86       34      404       0
                text70                             2FFC     2FFC       24      404       0
                text69                             287C     287C       4A      404       0
                text68                             2FD8     2FD8       24      404       0
                text67                             2586     2586       64      404       0
                text66                             322C     322C        2     190E       0
                text65                             2BD2     2BD2       3C      404       0
                text64                             2412     2412       8A      404       0
                text63                             2D52     2D52       34      404       0
                text62                             2ADE     2ADE       3E      404       0
                text61                             31FE     31FE        A      404       0
                text60                             3194     3194       10      404       0
                text59                             2952     2952       44      404       0
                text58                             2CE8     2CE8       36      404       0
                text57                             2744     2744       50      404       0
                text56                             26F4     26F4       50      404       0
                text55                             1D3E     1D3E       D2      404       0
                text54                             196A     196A      182      404       0
                text53                             26A2     26A2       52      404       0
                text52                             2A1C     2A1C       42      404       0
                text51                              91A      91A      2DC      404       0
                text50                             28C6     28C6       48      404       0
                text49                             1C22     1C22      11C      404       0
                text48                             2F08     2F08       2C      404       0
                text47                             2EDC     2EDC       2C      404       0
                text46                             2F8C     2F8C       26      404       0
                text45                             307A     307A       1E      404       0
                text44                             1E10     1E10       CE      404       0
                text43                             15B8     15B8      1F0      404       0
                text42                              E88      E88      288      404       0
                text41                             31B4     31B4        E      404       0
                text40                             305C     305C       1E      404       0
                text39                             30B4     30B4       1A      404       0
                text38                             1384     1384      234      404       0
                text37                             21C8     21C8       98      404       0
                text36                             25EA     25EA       5E      404       0
                text35                              BF6      BF6      292      404       0
                text34                             17A8     17A8      1C2      404       0
                text33                             1AEC     1AEC      136      404       0
                text32                             249C     249C       7A      404       0
                text31                             1EDE     1EDE       C0      404       0
                text30                             303E     303E       1E      404       0
                text29                             2C0E     2C0E       38      404       0
                text28                             2516     2516       70      404       0
                text27                             2D1E     2D1E       34      404       0
                text26                             29DA     29DA       42      404       0
                text25                             22F2     22F2       90      404       0
                text24                             3098     3098       1C      404       0
                text23                             3020     3020       1E      404       0
                text22                             2CB2     2CB2       36      404       0
                text21                             2C7C     2C7C       36      404       0
                text20                             31F4     31F4        A      404       0
                text19                             31EA     31EA        A      404       0
                text18                             31E0     31E0        A      404       0
                text17                             31D6     31D6        A      404       0
                text16                             290E     290E       44      404       0
                text15                             3228     3228        4     190E       0
                text14                             315E     315E       12      404       0
                text13                             2EAE     2EAE       2E      404       0
                text12                             31CC     31CC        A      404       0
                text11                             3224     3224        4     190E       0
                text10                             2B96     2B96       3C      404       0
                text9                              3220     3220        4     190E       0
                text8                              314A     314A       14      404       0
                text7                              31C2     31C2        A      404       0
                text6                              321C     321C        4     190E       0
                text5                              2B5A     2B5A       3C      404       0
                text4                              2C46     2C46       36      404       0
                text3                              2648     2648       5A      404       0
                text2                              2E1E     2E1E       30      404       0
                text1                              2AA0     2AA0       3E      404       0
                text0                              2058     2058       B8      404       0
                cstackCOMRAM                          1        1       22        1       1
                cstackBANK0                          60       60       4B       60       1
                cstackBANK2                         200      200       89      200       1
                dataBANK1                           1D1      1D1       18      100       1
                bssBANK1                            100      100       D1      100       1
                dataBANK0                            BC       BC        6       60       1
                bssBANK0                             AB       AB       11       60       1
                dataCOMRAM                           43       43        5        1       1
                bssCOMRAM                            23       23       20        1       1
                cinit                              2260     2260       92      404       0
                nvBANK1                             1E9      1E9        F      100       1
                nvCOMRAM                             48       48        4        1       1
                idataBANK1                         311C     311C       18      404       0
                idataBANK0                         3210     3210        6      404       0
                idataCOMRAM                        3216     3216        5      404       0

TOTAL           Name                               Link     Load   Length     Space
        CLASS   STACK          

        CLASS   CODE           
                end_init                            916      916        4         0
                intcode                             808      808      10E         0
                reset_vec                           800      800        4         0
                text99                             3208     3208        8         0
                text98                             3134     3134       16         0
                text97                             2F60     2F60       2C         0
                text96                             2DEC     2DEC       32         0
                text95                             2F34     2F34       2C         0
                text94                             2DBA     2DBA       32         0
                text93                             3230     3230        2         0
                text92                             3102     3102       1A         0
                text91                             2A5E     2A5E       42         0
                text90                             1110     1110      274         0
                text89                             322E     322E        2         0
                text88                             2FB2     2FB2       26         0
                text87                             2382     2382       90         0
                text86                             31A4     31A4       10         0
                text85                             3182     3182       12         0
                text84                             2E7E     2E7E       30         0
                text83                             3170     3170       12         0
                text82                             2E4E     2E4E       30         0
                text80                             30E8     30E8       1A         0
                text79                             2794     2794       50         0
                text78                             1F9E     1F9E       BA         0
                text77                             2830     2830       4C         0
                text76                             2996     2996       44         0
                text75                             27E4     27E4       4C         0
                text74                             2110     2110       B8         0
                text73                             30CE     30CE       1A         0
                text72                             2B1C     2B1C       3E         0
                text71                             2D86     2D86       34         0
                text70                             2FFC     2FFC       24         0
                text69                             287C     287C       4A         0
                text68                             2FD8     2FD8       24         0
                text67                             2586     2586       64         0
                text66                             322C     322C        2         0
                text65                             2BD2     2BD2       3C         0
                text64                             2412     2412       8A         0
                text63                             2D52     2D52       34         0
                text62                             2ADE     2ADE       3E         0
                text61                             31FE     31FE        A         0
                text60                             3194     3194       10         0
                text59                             2952     2952       44         0
                text58                             2CE8     2CE8       36         0
                text57                             2744     2744       50         0
                text56                             26F4     26F4       50         0
                text55                             1D3E     1D3E       D2         0
                text54                             196A     196A      182         0
                text53                             26A2     26A2       52         0
                text52                             2A1C     2A1C       42         0
                text51                              91A      91A      2DC         0
                text50                             28C6     28C6       48         0
                text49                             1C22     1C22      11C         0
                text48                             2F08     2F08       2C         0
                text47                             2EDC     2EDC       2C         0
                text46                             2F8C     2F8C       26         0
                text45                             307A     307A       1E         0
                text44                             1E10     1E10       CE         0
                text43                             15B8     15B8      1F0         0
                text42                              E88      E88      288         0
                text41                             31B4     31B4        E         0
                text40                             305C     305C       1E         0
                text39                             30B4     30B4       1A         0
                text38                             1384     1384      234         0
                text37                             21C8     21C8       98         0
                text36                             25EA     25EA       5E         0
                text35                              BF6      BF6      292         0
                text34                             17A8     17A8      1C2         0
                text33                             1AEC     1AEC      136         0
                text32                             249C     249C       7A         0
                text31                             1EDE     1EDE       C0         0
                text30                             303E     303E       1E         0
                text29                             2C0E     2C0E       38         0
                text28                             2516     2516       70         0
                text27                             2D1E     2D1E       34         0
                text26                             29DA     29DA       42         0
                text25                             22F2     22F2       90         0
                text24                             3098     3098       1C         0
                text23                             3020     3020       1E         0
                text22                             2CB2     2CB2       36         0
                text21                             2C7C     2C7C       36         0
                text20                             31F4     31F4        A         0
                text19                             31EA     31EA        A         0
                text18                             31E0     31E0        A         0
                text17                             31D6     31D6        A         0
                text16                             290E     290E       44         0
                text15                             3228     3228        4         0
                text14                             315E     315E       12         0
                text13                             2EAE     2EAE       2E         0
                text12                             31CC     31CC        A         0
                text11                             3224     3224        4         0
                text10                             2B96     2B96       3C         0
                text9                              3220     3220        4         0
                text8                              314A     314A       14         0
                text7                              31C2     31C2        A         0
                text6                              321C     321C        4         0
                text5                              2B5A     2B5A       3C         0
                text4                              2C46     2C46       36         0
                text3                              2648     2648       5A         0
                text2                              2E1E     2E1E       30         0
                text1                              2AA0     2AA0       3E         0
                text0                              2058     2058       B8         0
                cinit                              2260     2260       92         0
                idataBANK1                         311C     311C       18         0
                idataBANK0                         3210     3210        6         0
                idataCOMRAM                        3216     3216        5         0

        CLASS   CONST          

        CLASS   SMALLCONST     

        CLASS   MEDIUMCONST    
                mediumconst                        7A62     7A62      59E         0

        CLASS   COMRAM         
                temp                                 4C       4C        1         1
                cstackCOMRAM                          1        1       22         1
                dataCOMRAM                           43       43        5         1
                bssCOMRAM                            23       23       20         1
                nvCOMRAM                             48       48        4         1

        CLASS   ABS1           

        CLASS   BIGRAM         

        CLASS   RAM            

        CLASS   BANK0          
                cstackBANK0                          60       60       4B         1
                dataBANK0                            BC       BC        6         1
                bssBANK0                             AB       AB       11         1

        CLASS   BANK1          
                dataBANK1                           1D1      1D1       18         1
                bssBANK1                            100      100       D1         1
                nvBANK1                             1E9      1E9        F         1

        CLASS   BANK2          
                cstackBANK2                         200      200       89         1

        CLASS   BANK3          

        CLASS   BANK4          

        CLASS   BANK5          

        CLASS   BANK6          

        CLASS   BANK7          

        CLASS   BANK8          

        CLASS   BANK9          

        CLASS   BANK10         

        CLASS   BANK11         

        CLASS   BANK12         

        CLASS   BANK13         

        CLASS   BANK14         

        CLASS   SFR            

        CLASS   FARRAM         

        CLASS   CONFIG         
                config                           300000   300000        E         0

        CLASS   IDLOC          
                idloc                            200000   200000        8         0

        CLASS   EEDATA         



SEGMENTS        Name                           Load    Length   Top    Selector   Space  Class

                cstackCOMRAM                   000001  00004C  00004D         1       1  COMRAM  
                cstackBANK0                    000060  000062  0000C2        60       1  BANK0   
                bssBANK1                       000100  0000F8  0001F8       100       1  BANK1   
                cstackBANK2                    000200  000089  000289       200       1  BANK2   
                reset_vec                      000800  000004  000804       400       0  CODE    
                intcode                        000808  002A13  00321B       404       0  CODE    
                text6                          00321C  000016  003232      190E       0  CODE    
                mediumconst                    007A62  00059E  008000      3D31       0  MEDIUMCO
                idloc                          200000  000008  200008    200000       0  IDLOC   
                config                         300000  00000E  30000E    300000       0  CONFIG  


UNUSED ADDRESS RANGES

        Name                Unused          Largest block    Delta
        BANK0            0000C2-0000FF               3E
        BANK1            0001F8-0001FF                8
        BANK10           000A00-000AFF              100
        BANK11           000B00-000BFF              100
        BANK12           000C00-000CFF              100
        BANK13           000D00-000DFF              100
        BANK14           000E00-000E40               41
        BANK2            000289-0002FF               77
        BANK3            000300-0003FF              100
        BANK4            000400-0004FF              100
        BANK5            000500-0005FF              100
        BANK6            000600-0006FF              100
        BANK7            000700-0007FF              100
        BANK8            000800-0008FF              100
        BANK9            000900-0009FF              100
        BIGRAM           00004D-00005F               13
                         0000C2-0000FF               3E
                         0001F8-0001FF                8
                         000289-000E40              BB8
        CODE             000804-000807                4
                         00321B-00321B                1
                         003232-007A61             4830
        COMRAM           00004D-00005F               13
        CONST            000804-000807                4
                         00321B-00321B                1
                         003232-007A61             4830
        EEDATA           F00000-F003FF              400
        FARRAM           000000-000000                1
        MEDIUMCONST      00321B-00321B                1
                         003232-007A61             4830
        RAM              0000C2-0000FF               3E
                         0001F8-0001FF                8
                         000289-000E40              100
        SFR              000E41-000FFF               BF
        SMALLCONST       00321B-00321B                1
                         003232-007A61              100
        STACK            000289-000E40              BB8

                                  Symbol Table

?_ADC_GetConversionResult_8bit            cstackCOMRAM 000001
?___lwdiv                                 cstackCOMRAM 000014
?___lwmod                                 cstackCOMRAM 00001B
?___wmul                                  cstackCOMRAM 000014
?_atoi                                    cstackCOMRAM 00001A
?_printf                                  cstackBANK0  000060
?_strchr                                  cstackCOMRAM 000014
?_strcmp                                  cstackCOMRAM 000014
?_strcspn                                 cstackCOMRAM 000019
?_strspn                                  cstackCOMRAM 000019
?_strtok                                  cstackBANK0  000060
ADC_StartConversion@channel               cstackCOMRAM 000015
Battery_Display@F18498                    dataBANK1    0001E3
Battery_Display@data                      cstackBANK0  00006E
DebugMenu@selection                       cstackBANK0  0000A9
EPWM1_LoadDutyValue@dutyValue             cstackCOMRAM 000021
EUSART1_Read@readValue                    cstackCOMRAM 000014
EUSART1_Write@txData                      cstackCOMRAM 000014
EUSART2_Read@readValue                    cstackCOMRAM 000014
EUSART2_Write@txData                      cstackCOMRAM 000014
EUSART2_Write_Array@data                  cstackCOMRAM 000015
EUSART2_Write_Array@i                     cstackCOMRAM 000018
EUSART2_Write_Array@length                cstackCOMRAM 000017
Headphones@State                          cstackBANK0  000067
I2C_ISR@i2c_10bit_address_restart         bssCOMRAM    000025
I2C_ISR@i2c_address                       bssCOMRAM    000041
I2C_ISR@i2c_bytes_left                    bssCOMRAM    000026
I2C_ISR@pi2c_buf_ptr                      bssBANK1     000140
I2C_MasterRead@address                    cstackBANK0  000063
I2C_MasterRead@length                     cstackBANK0  000062
I2C_MasterRead@pdata                      cstackBANK0  000060
I2C_MasterRead@pflag                      cstackBANK0  000065
I2C_MasterRead@trBlock                    bssBANK1     0001C2
I2C_MasterReadTRBBuild@address            cstackCOMRAM 000019
I2C_MasterReadTRBBuild@length             cstackCOMRAM 000018
I2C_MasterReadTRBBuild@pdata              cstackCOMRAM 000016
I2C_MasterReadTRBBuild@ptrb               cstackCOMRAM 000014
I2C_MasterTRBInsert@count                 cstackCOMRAM 000019
I2C_MasterTRBInsert@pflag                 cstackCOMRAM 000016
I2C_MasterTRBInsert@ptrb_list             cstackCOMRAM 000014
I2C_MasterWrite@address                   cstackBANK0  000063
I2C_MasterWrite@length                    cstackBANK0  000062
I2C_MasterWrite@pdata                     cstackBANK0  000060
I2C_MasterWrite@pflag                     cstackBANK0  000065
I2C_MasterWrite@trBlock                   bssBANK1     0001C7
I2C_MasterWriteTRBBuild@address           cstackCOMRAM 000019
I2C_MasterWriteTRBBuild@length            cstackCOMRAM 000018
I2C_MasterWriteTRBBuild@pdata             cstackCOMRAM 000016
I2C_MasterWriteTRBBuild@ptrb              cstackCOMRAM 000014
I2C_Read@Address                          cstackCOMRAM 00001E
I2C_Read@ReadData                         cstackCOMRAM 000022
I2C_Read@Register                         cstackCOMRAM 00001D
I2C_Read@timeOut                          cstackCOMRAM 000020
I2C_Read@writeBuffer                      cstackCOMRAM 00001F
I2C_Stop@completion_code                  cstackCOMRAM 000003
I2C_Write@Address                         cstackCOMRAM 00001F
I2C_Write@Data                            cstackCOMRAM 00001E
I2C_Write@Register                        cstackCOMRAM 00001D
I2C_Write@timeOut                         cstackCOMRAM 000022
I2C_Write@writeBuffer                     cstackCOMRAM 000020
INT0_SetInterruptHandler@InterruptHandler cstackCOMRAM 000014
INT1_SetInterruptHandler@InterruptHandler cstackCOMRAM 000014
INT2_SetInterruptHandler@InterruptHandler cstackCOMRAM 000014
INT3_SetInterruptHandler@InterruptHandler cstackCOMRAM 000014
LED_Control@F18486                        dataBANK1    0001E5
LED_Control@command_input                 cstackBANK0  000093
LED_Control@counter                       cstackBANK0  0000A8
LED_Control@delim                         cstackBANK0  0000A4
LED_Control@first_command                 cstackBANK0  000073
LED_Control@flush                         cstackBANK0  0000A3
LED_Control@second_command                cstackBANK0  000083
LED_Control@token                         cstackBANK0  0000A6
MAX17048_Communication@ReadData           cstackBANK0  000070
MAX17048_Communication@i2c_data           cstackBANK0  00006E
PI_UART_SYNC@F18305                       dataBANK1    0001E7
PI_UART_SYNC@data                         cstackCOMRAM 00001A
Read_Battery_Percent@BatteryPercent       cstackBANK0  000067
Read_Battery_Register@Register            cstackBANK0  000067
Read_Battery_Register@RegisterData        cstackBANK0  000068
Read_Battery_Voltage@BatteryVoltage       cstackBANK0  000067
Read_Commands@F18504                      dataBANK1    0001D1
Read_Commands@cmds                        cstackCOMRAM 000020
Read_Commands@counter                     cstackBANK2  000287
Read_Commands@delim                       cstackBANK2  000280
Read_Commands@flush                       cstackBANK2  000284
Read_Commands@i                           cstackBANK2  000288
Read_Commands@str                         cstackBANK2  000200
Read_Commands@token                       cstackBANK2  000285
Set_Volume@Volume                         cstackBANK0  000070
Set_Volume@VolumeSetting                  cstackBANK0  00006E
Set_Volume@Volume_Index                   cstackBANK0  00006F
TAS2521_Communication@i2c_data            cstackBANK0  00006E
TMR1_SetInterruptHandler@InterruptHandler cstackCOMRAM 000014
TMR3_SetInterruptHandler@InterruptHandler cstackCOMRAM 000014
Update_Battery_Display@F18447             dataBANK1    0001DD
Update_Battery_Display@data               cstackCOMRAM 000019
Update_Battery_Display@display            cstackCOMRAM 00001C
Update_Battery_Icon@F18444                dataBANK1    0001E0
Update_Battery_Icon@charge                cstackCOMRAM 00001C
Update_Battery_Icon@data                  cstackCOMRAM 000019
Update_X_Offset@F18450                    dataBANK1    0001D5
Update_X_Offset@data                      cstackBANK0  000060
Update_X_Offset@offset                    cstackCOMRAM 000021
Update_Y_Offset@F18455                    dataBANK1    0001D9
Update_Y_Offset@data                      cstackBANK0  000060
Update_Y_Offset@offset                    cstackCOMRAM 000021
Volume_Update@Abs_diff                    cstackBANK0  000072
Volume_Update@Difference                  cstackBANK0  000071
_ADCON0                                   (abs)        000FC2
_ADCON0bits                               (abs)        000FC2
_ADCON1                                   (abs)        000FC1
_ADCON2                                   (abs)        000FC0
_ADC_Data                                 bssCOMRAM    000027
_ADC_Data_Ready                           bssCOMRAM    000028
_ADC_Debug                                text49       001C22
_ADC_GetConversionResult_8bit             text99       003208
_ADC_ISR                                  text98       003134
_ADC_Initialize                           text24       003098
_ADC_StartConversion                      text80       0030E8
_ADC_Step                                 dataCOMRAM   000045
_ADRESH                                   (abs)        000FC4
_ADRESL                                   (abs)        000FC3
_ANCON0                                   (abs)        000F5D
_ANCON0bits                               (abs)        000F5D
_ANCON1                                   (abs)        000F5C
_BAUDCON1                                 (abs)        000FA7
_BAUDCON2                                 (abs)        000FB9
_Battery_Check                            text69       00287C
_Battery_Display                          text43       0015B8
_Battery_Displayed                        bssCOMRAM    000029
_Battery_Percent                          dataCOMRAM   000046
_Battery_Timer                            bssCOMRAM    00002A
_Blue_Blink_Timer                         bssCOMRAM    00002B
_Brightness_Count_Enable                  bssCOMRAM    00002C
_Brightness_Counter                       bssCOMRAM    00002D
_Brightness_SW_Check                      text67       002586
_Build_Volume_Array                       text66       00322C
_Button_Check                             text64       002412
_CCP1CON                                  (abs)        000FBB
_CCPR1H                                   (abs)        000FBD
_CCPR1L                                   (abs)        000FBC
_CCPTMRSbits                              (abs)        000F99
_DebugMenu                                text33       001AEC
_Debug_Mode                               text32       00249C
_ECCP1AS                                  (abs)        000FBF
_ECCP1DEL                                 (abs)        000FBE
_EEADR                                    (abs)        000F74
_EEADRH                                   (abs)        000F75
_EECON1bits                               (abs)        000F7F
_EECON2                                   (abs)        000F7E
_EEDATA                                   (abs)        000F73
_EPWM1_Initialize                         text23       003020
_EPWM1_LoadDutyValue                      text65       002BD2
_EUSART1_Initialize                       text22       002CB2
_EUSART1_Read                             text63       002D52
_EUSART1_Receive_ISR                      text97       002F60
_EUSART1_Transmit_ISR                     text96       002DEC
_EUSART1_Write                            text62       002ADE
_EUSART2_Initialize                       text21       002C7C
_EUSART2_Read                             text27       002D1E
_EUSART2_Receive_ISR                      text95       002F34
_EUSART2_Transmit_ISR                     text94       002DBA
_EUSART2_Write                            text72       002B1C
_EUSART2_Write_Array                      text71       002D86
_EXT_INT_Initialize                       text16       00290E
_Headphone_Check                          text30       00303E
_Headphones                               text31       001EDE
_Headphones_In                            bssCOMRAM    00002E
_I2C_BusCollisionISR                      text93       003230
_I2C_FunctionComplete                     text92       003102
_I2C_ISR                                  text90       001110
_I2C_Initialize                           text29       002C0E
_I2C_MasterQueueIsEmpty                   text41       0031B4
_I2C_MasterRead                           text77       002830
_I2C_MasterReadTRBBuild                   text79       002794
_I2C_MasterTRBInsert                      text78       001F9E
_I2C_MasterWrite                          text75       0027E4
_I2C_MasterWriteTRBBuild                  text76       002996
_I2C_Read                                 text74       002110
_I2C_Stop                                 text91       002A5E
_I2C_Write                                text36       0025EA
_INT0_DefaultInterruptHandler             (abs)        000000
_INT0_InterruptHandler                    nvBANK1      0001E9
_INT0_SetInterruptHandler                 text20       0031F4
_INT1_DefaultInterruptHandler             (abs)        000000
_INT1_InterruptHandler                    nvBANK1      0001EB
_INT1_SetInterruptHandler                 text19       0031EA
_INT2_DefaultInterruptHandler             (abs)        000000
_INT2_InterruptHandler                    nvBANK1      0001ED
_INT2_SetInterruptHandler                 text18       0031E0
_INT3_CallBack                            text88       002FB2
_INT3_DefaultInterruptHandler             text89       00322E
_INT3_ISR                                 text86       0031A4
_INT3_InterruptHandler                    nvBANK1      0001EF
_INT3_SetInterruptHandler                 text17       0031D6
_INTCON2bits                              (abs)        000FF1
_INTCON3bits                              (abs)        000FF0
_INTCONbits                               (abs)        000FF2
_INTERRUPT_Initialize                     text15       003228
_INTERRUPT_InterruptManager               intcode      000808
_LATA                                     (abs)        000F89
_LATAbits                                 (abs)        000F89
_LATB                                     (abs)        000F8A
_LATC                                     (abs)        000F8B
_LATCbits                                 (abs)        000F8B
_LED_Check                                text28       002516
_LED_Control                              text42       000E88
_Linearized_Volume_Array                  mediumconst  007A63
_Low_Battery                              bssBANK0     0000B8
_MAX17048_Communication                   text38       001384
_MAX_ADC                                  dataBANK0    0000BC
_MAX_VOLUME                               dataBANK0    0000BD
_MIN_ADC                                  dataBANK0    0000BE
_MIN_VOLUME                               dataBANK0    0000BF
_OSCCON                                   (abs)        000FD3
_OSCCON2                                  (abs)        000FD2
_OSCILLATOR_Initialize                    text14       00315E
_OSCTUNE                                  (abs)        000F9B
_PIE1bits                                 (abs)        000F9D
_PIE2bits                                 (abs)        000FA0
_PIE3bits                                 (abs)        000FA3
_PIN_MANAGER_Initialize                   text13       002EAE
_PIR1bits                                 (abs)        000F9E
_PIR2bits                                 (abs)        000FA1
_PIR3bits                                 (abs)        000FA4
_PIR4bits                                 (abs)        000FB7
_PI_UART_SYNC                             text26       0029DA
_PORTAbits                                (abs)        000F80
_PORTBbits                                (abs)        000F81
_PORTCbits                                (abs)        000F82
_PR2                                      (abs)        000FCB
_PSTR1CON                                 (abs)        000F9C
_PSTR1CONbits                             (abs)        000F9C
_PWM_Value                                dataCOMRAM   000043
_PWR_SW_Check                             text25       0022F2
_Pi_Syncd                                 bssCOMRAM    00002F
_Previous_ADC_Data                        bssCOMRAM    000030
_RCONbits                                 (abs)        000FD0
_RCREG1                                   (abs)        000FAE
_RCREG2                                   (abs)        000F7A
_RCSTA1                                   (abs)        000FAB
_RCSTA1bits                               (abs)        000FAB
_RCSTA2                                   (abs)        000FA6
_RCSTA2bits                               (abs)        000FA6
_REFOCON                                  (abs)        000F9A
_Read_Battery_Percent                     text73       0030CE
_Read_Battery_Register                    text40       00305C
_Read_Battery_Voltage                     text39       0030B4
_Read_Commands                            text54       00196A
_Red_Blink_Timer                          bssCOMRAM    000031
_SENSITIVITY                              dataBANK0    0000C0
_SPBRG1                                   (abs)        000FAF
_SPBRG2                                   (abs)        000F7B
_SPBRGH1                                  (abs)        000F7D
_SPBRGH2                                  (abs)        000F7C
_SSPADD                                   (abs)        000FC8
_SSPBUF                                   (abs)        000FC9
_SSPCON1                                  (abs)        000FC6
_SSPCON1bits                              (abs)        000FC6
_SSPCON2bits                              (abs)        000FC5
_SSPSTAT                                  (abs)        000FC7
_SYSTEM_Initialize                        text4        002C46
_Screen_Brightness_Debug                  text37       0021C8
_Screen_Control                           bssCOMRAM    000032
_Screen_Type                              bssBANK0     0000B9
_Set_Volume                               text3        002648
_Shutdown_Counter                         bssBANK0     0000BA
_Shutdown_Process                         bssCOMRAM    000033
_Startup_Count_Enable                     nvBANK1      0001F5
_Startup_Counter                          bssCOMRAM    000034
_T1CON                                    (abs)        000FCD
_T1CONbits                                (abs)        000FCD
_T1GCON                                   (abs)        000FAA
_T1GCONbits                               (abs)        000FAA
_T2CON                                    (abs)        000FCA
_T2CONbits                                (abs)        000FCA
_T3CON                                    (abs)        000FB1
_T3CONbits                                (abs)        000FB1
_T3GCON                                   (abs)        000FB0
_T3GCONbits                               (abs)        000FB0
_TABLAT                                   (abs)        000FF5
_TAS2521_Communication                    text34       0017A8
_TAS2521_Initialize                       text35       000BF6
_TBLPTRH                                  (abs)        000FF7
_TBLPTRL                                  (abs)        000FF6
_TBLPTRU                                  (abs)        000FF8
_TMR1H                                    (abs)        000FCF
_TMR1L                                    (abs)        000FCE
_TMR1_DefaultInterruptHandler             text85       003182
_TMR1_ISR                                 text84       002E7E
_TMR1_Initialize                          text10       002B96
_TMR1_InterruptHandler                    nvBANK1      0001F1
_TMR1_SetInterruptHandler                 text12       0031CC
_TMR1_StartTimer                          text11       003224
_TMR2                                     (abs)        000FCC
_TMR2_Initialize                          text8        00314A
_TMR2_StartTimer                          text9        003220
_TMR3H                                    (abs)        000FB3
_TMR3L                                    (abs)        000FB2
_TMR3_DefaultInterruptHandler             text83       003170
_TMR3_ISR                                 text82       002E4E
_TMR3_Initialize                          text5        002B5A
_TMR3_InterruptHandler                    nvBANK1      0001F3
_TMR3_SetInterruptHandler                 text7        0031C2
_TMR3_StartTimer                          text6        00321C
_TRISA                                    (abs)        000F92
_TRISAbits                                (abs)        000F92
_TRISB                                    (abs)        000F93
_TRISBbits                                (abs)        000F93
_TRISC                                    (abs)        000F94
_TRISCbits                                (abs)        000F94
_TXREG1                                   (abs)        000FAD
_TXREG2                                   (abs)        000F79
_TXSTA1                                   (abs)        000FAC
_TXSTA2                                   (abs)        000FBA
_Update_Battery_Display                   text68       002FD8
_Update_Battery_Icon                      text70       002FFC
_Update_X_Offset                          text48       002F08
_Update_Y_Offset                          text47       002EDC
_Volume_Array                             bssBANK1     000100
_Volume_Step                              dataBANK0    0000C1
_Volume_Update                            text1        002AA0
_WPUB                                     (abs)        000F5B
_WPUBbits                                 (abs)        000F5B
__CFG_BBSIZ$BB2K                          (abs)        000000
__CFG_BOREN$SBORDIS                       (abs)        000000
__CFG_BORPWR$ZPBORMV                      (abs)        000000
__CFG_BORV$3                              (abs)        000000
__CFG_CANMX$PORTB                         (abs)        000000
__CFG_CP0$OFF                             (abs)        000000
__CFG_CP1$OFF                             (abs)        000000
__CFG_CP2$OFF                             (abs)        000000
__CFG_CP3$OFF                             (abs)        000000
__CFG_CPB$OFF                             (abs)        000000
__CFG_CPD$OFF                             (abs)        000000
__CFG_EBTR0$OFF                           (abs)        000000
__CFG_EBTR1$OFF                           (abs)        000000
__CFG_EBTR2$OFF                           (abs)        000000
__CFG_EBTR3$OFF                           (abs)        000000
__CFG_EBTRB$OFF                           (abs)        000000
__CFG_FCMEN$OFF                           (abs)        000000
__CFG_FOSC$INTIO2                         (abs)        000000
__CFG_IESO$OFF                            (abs)        000000
__CFG_INTOSCSEL$HIGH                      (abs)        000000
__CFG_MCLRE$ON                            (abs)        000000
__CFG_MSSPMSK$MSK7                        (abs)        000000
__CFG_PLLCFG$OFF                          (abs)        000000
__CFG_PWRTEN$OFF                          (abs)        000000
__CFG_RETEN$OFF                           (abs)        000000
__CFG_SOSCSEL$DIG                         (abs)        000000
__CFG_STVREN$ON                           (abs)        000000
__CFG_WDTEN$OFF                           (abs)        000000
__CFG_WDTPS$1048576                       (abs)        000000
__CFG_WRT0$OFF                            (abs)        000000
__CFG_WRT1$OFF                            (abs)        000000
__CFG_WRT2$OFF                            (abs)        000000
__CFG_WRT3$OFF                            (abs)        000000
__CFG_WRTB$OFF                            (abs)        000000
__CFG_WRTC$OFF                            (abs)        000000
__CFG_WRTD$OFF                            (abs)        000000
__CFG_XINST$OFF                           (abs)        000000
__HRAM                                    (abs)        000000
__Habs1                                   abs1         000000
__Hbank0                                  bank0        000000
__Hbank1                                  bank1        000000
__Hbank10                                 bank10       000000
__Hbank11                                 bank11       000000
__Hbank12                                 bank12       000000
__Hbank13                                 bank13       000000
__Hbank14                                 bank14       000000
__Hbank2                                  bank2        000000
__Hbank3                                  bank3        000000
__Hbank4                                  bank4        000000
__Hbank5                                  bank5        000000
__Hbank6                                  bank6        000000
__Hbank7                                  bank7        000000
__Hbank8                                  bank8        000000
__Hbank9                                  bank9        000000
__Hbigbss                                 bigbss       000000
__Hbigdata                                bigdata      000000
__Hbigram                                 bigram       000000
__Hbss                                    bss          000000
__HbssBANK0                               bssBANK0     000000
__HbssBANK1                               bssBANK1     000000
__HbssCOMRAM                              bssCOMRAM    000000
__Hcinit                                  cinit        000000
__Hclrtext                                clrtext      000000
__Hcomram                                 comram       000000
__Hconfig                                 config       30000E
__Hconst                                  const        000000
__HcstackBANK0                            cstackBANK0  000000
__HcstackBANK2                            cstackBANK2  000000
__HcstackCOMRAM                           cstackCOMRAM 000000
__Hdata                                   data         000000
__HdataBANK0                              dataBANK0    000000
__HdataBANK1                              dataBANK1    000000
__HdataCOMRAM                             dataCOMRAM   000000
__Heeprom_data                            eeprom_data  000000
__Hend_init                               end_init     00091A
__Hfarbss                                 farbss       000000
__Hfardata                                fardata      000000
__Hibigdata                               ibigdata     000000
__Hidata                                  idata        000000
__HidataBANK0                             idataBANK0   000000
__HidataBANK1                             idataBANK1   000000
__HidataCOMRAM                            idataCOMRAM  000000
__Hidloc                                  idloc        200008
__Hifardata                               ifardata     000000
__Hinit                                   init         000916
__Hintcode                                intcode      000916
__Hintcode_body                           intcode_body 000000
__Hintcodelo                              intcodelo    000916
__Hintentry                               intentry     000000
__Hintret                                 intret       000000
__Hintsave_regs                           intsave_regs 000000
__Hirdata                                 irdata       000000
__Hmediumconst                            mediumconst  008000
__HnvBANK1                                nvBANK1      000000
__HnvCOMRAM                               nvCOMRAM     000000
__HnvFARRAM                               nvFARRAM     000000
__Hnvbit                                  nvbit        000000
__Hnvrram                                 nvrram       000000
__Hparam                                  rparam       000000
__Hpowerup                                powerup      000916
__Hram                                    ram          000000
__Hramtop                                 ramtop       000F00
__Hrbit                                   rbit         000000
__Hrbss                                   rbss         000000
__Hrdata                                  rdata        000000
__Hreset_vec                              reset_vec    000804
__Hrparam                                 rparam       000000
__Hsfr                                    sfr          000000
__Hsmallconst                             smallconst   000000
__Hspace_0                                (abs)        30000E
__Hspace_1                                (abs)        000289
__Hspace_2                                (abs)        000000
__Hstack                                  stack        000000
__Hstruct                                 struct       000000
__Htemp                                   temp         00004D
__Htext                                   text         000000
__Htext0                                  text0        000000
__Htext1                                  text1        000000
__Htext10                                 text10       000000
__Htext100                                text100      000000
__Htext11                                 text11       000000
__Htext12                                 text12       000000
__Htext13                                 text13       000000
__Htext14                                 text14       000000
__Htext15                                 text15       000000
__Htext16                                 text16       000000
__Htext17                                 text17       000000
__Htext18                                 text18       000000
__Htext19                                 text19       000000
__Htext2                                  text2        000000
__Htext20                                 text20       000000
__Htext21                                 text21       000000
__Htext22                                 text22       000000
__Htext23                                 text23       000000
__Htext24                                 text24       000000
__Htext25                                 text25       000000
__Htext26                                 text26       000000
__Htext27                                 text27       000000
__Htext28                                 text28       000000
__Htext29                                 text29       000000
__Htext3                                  text3        000000
__Htext30                                 text30       000000
__Htext31                                 text31       000000
__Htext32                                 text32       000000
__Htext33                                 text33       000000
__Htext34                                 text34       000000
__Htext35                                 text35       000000
__Htext36                                 text36       000000
__Htext37                                 text37       000000
__Htext38                                 text38       000000
__Htext39                                 text39       000000
__Htext4                                  text4        000000
__Htext40                                 text40       000000
__Htext41                                 text41       000000
__Htext42                                 text42       000000
__Htext43                                 text43       000000
__Htext44                                 text44       000000
__Htext45                                 text45       000000
__Htext46                                 text46       000000
__Htext47                                 text47       000000
__Htext48                                 text48       000000
__Htext49                                 text49       000000
__Htext5                                  text5        000000
__Htext50                                 text50       000000
__Htext51                                 text51       000000
__Htext52                                 text52       000000
__Htext53                                 text53       000000
__Htext54                                 text54       000000
__Htext55                                 text55       000000
__Htext56                                 text56       000000
__Htext57                                 text57       000000
__Htext58                                 text58       000000
__Htext59                                 text59       000000
__Htext6                                  text6        000000
__Htext60                                 text60       000000
__Htext61                                 text61       000000
__Htext62                                 text62       000000
__Htext63                                 text63       000000
__Htext64                                 text64       000000
__Htext65                                 text65       000000
__Htext66                                 text66       000000
__Htext67                                 text67       000000
__Htext68                                 text68       000000
__Htext69                                 text69       000000
__Htext7                                  text7        000000
__Htext70                                 text70       000000
__Htext71                                 text71       000000
__Htext72                                 text72       000000
__Htext73                                 text73       000000
__Htext74                                 text74       000000
__Htext75                                 text75       000000
__Htext76                                 text76       000000
__Htext77                                 text77       000000
__Htext78                                 text78       000000
__Htext79                                 text79       000000
__Htext8                                  text8        000000
__Htext80                                 text80       000000
__Htext82                                 text82       000000
__Htext83                                 text83       000000
__Htext84                                 text84       000000
__Htext85                                 text85       000000
__Htext86                                 text86       000000
__Htext87                                 text87       000000
__Htext88                                 text88       000000
__Htext89                                 text89       000000
__Htext9                                  text9        000000
__Htext90                                 text90       000000
__Htext91                                 text91       000000
__Htext92                                 text92       000000
__Htext93                                 text93       000000
__Htext94                                 text94       000000
__Htext95                                 text95       000000
__Htext96                                 text96       000000
__Htext97                                 text97       000000
__Htext98                                 text98       000000
__Htext99                                 text99       000000
__LRAM                                    (abs)        000001
__Labs1                                   abs1         000000
__Lbank0                                  bank0        000000
__Lbank1                                  bank1        000000
__Lbank10                                 bank10       000000
__Lbank11                                 bank11       000000
__Lbank12                                 bank12       000000
__Lbank13                                 bank13       000000
__Lbank14                                 bank14       000000
__Lbank2                                  bank2        000000
__Lbank3                                  bank3        000000
__Lbank4                                  bank4        000000
__Lbank5                                  bank5        000000
__Lbank6                                  bank6        000000
__Lbank7                                  bank7        000000
__Lbank8                                  bank8        000000
__Lbank9                                  bank9        000000
__Lbigbss                                 bigbss       000000
__Lbigdata                                bigdata      000000
__Lbigram                                 bigram       000000
__Lbss                                    bss          000000
__LbssBANK0                               bssBANK0     000000
__LbssBANK1                               bssBANK1     000000
__LbssCOMRAM                              bssCOMRAM    000000
__Lcinit                                  cinit        000000
__Lclrtext                                clrtext      000000
__Lcomram                                 comram       000000
__Lconfig                                 config       300000
__Lconst                                  const        000000
__LcstackBANK0                            cstackBANK0  000000
__LcstackBANK2                            cstackBANK2  000000
__LcstackCOMRAM                           cstackCOMRAM 000000
__Ldata                                   data         000000
__LdataBANK0                              dataBANK0    000000
__LdataBANK1                              dataBANK1    000000
__LdataCOMRAM                             dataCOMRAM   000000
__Leeprom_data                            eeprom_data  000000
__Lend_init                               end_init     000916
__Lfarbss                                 farbss       000000
__Lfardata                                fardata      000000
__Libigdata                               ibigdata     000000
__Lidata                                  idata        000000
__LidataBANK0                             idataBANK0   000000
__LidataBANK1                             idataBANK1   000000
__LidataCOMRAM                            idataCOMRAM  000000
__Lidloc                                  idloc        200000
__Lifardata                               ifardata     000000
__Linit                                   init         000916
__Lintcode                                intcode      000808
__Lintcode_body                           intcode_body 000000
__Lintcodelo                              intcodelo    000916
__Lintentry                               intentry     000000
__Lintret                                 intret       000000
__Lintsave_regs                           intsave_regs 000000
__Lirdata                                 irdata       000000
__Lmediumconst                            mediumconst  007A62
__LnvBANK1                                nvBANK1      000000
__LnvCOMRAM                               nvCOMRAM     000000
__LnvFARRAM                               nvFARRAM     000000
__Lnvbit                                  nvbit        000000
__Lnvrram                                 nvrram       000000
__Lparam                                  rparam       000000
__Lpowerup                                powerup      000916
__Lram                                    ram          000000
__Lramtop                                 ramtop       000F00
__Lrbit                                   rbit         000000
__Lrbss                                   rbss         000000
__Lrdata                                  rdata        000000
__Lreset_vec                              reset_vec    000800
__Lrparam                                 rparam       000000
__Lsfr                                    sfr          000000
__Lsmallconst                             smallconst   000000
__Lspace_0                                (abs)        000000
__Lspace_1                                (abs)        000000
__Lspace_2                                (abs)        000000
__Lstack                                  stack        000000
__Lstruct                                 struct       000000
__Ltemp                                   temp         00004C
__Ltext                                   text         000000
__Ltext0                                  text0        000000
__Ltext1                                  text1        000000
__Ltext10                                 text10       000000
__Ltext100                                text100      000000
__Ltext11                                 text11       000000
__Ltext12                                 text12       000000
__Ltext13                                 text13       000000
__Ltext14                                 text14       000000
__Ltext15                                 text15       000000
__Ltext16                                 text16       000000
__Ltext17                                 text17       000000
__Ltext18                                 text18       000000
__Ltext19                                 text19       000000
__Ltext2                                  text2        000000
__Ltext20                                 text20       000000
__Ltext21                                 text21       000000
__Ltext22                                 text22       000000
__Ltext23                                 text23       000000
__Ltext24                                 text24       000000
__Ltext25                                 text25       000000
__Ltext26                                 text26       000000
__Ltext27                                 text27       000000
__Ltext28                                 text28       000000
__Ltext29                                 text29       000000
__Ltext3                                  text3        000000
__Ltext30                                 text30       000000
__Ltext31                                 text31       000000
__Ltext32                                 text32       000000
__Ltext33                                 text33       000000
__Ltext34                                 text34       000000
__Ltext35                                 text35       000000
__Ltext36                                 text36       000000
__Ltext37                                 text37       000000
__Ltext38                                 text38       000000
__Ltext39                                 text39       000000
__Ltext4                                  text4        000000
__Ltext40                                 text40       000000
__Ltext41                                 text41       000000
__Ltext42                                 text42       000000
__Ltext43                                 text43       000000
__Ltext44                                 text44       000000
__Ltext45                                 text45       000000
__Ltext46                                 text46       000000
__Ltext47                                 text47       000000
__Ltext48                                 text48       000000
__Ltext49                                 text49       000000
__Ltext5                                  text5        000000
__Ltext50                                 text50       000000
__Ltext51                                 text51       000000
__Ltext52                                 text52       000000
__Ltext53                                 text53       000000
__Ltext54                                 text54       000000
__Ltext55                                 text55       000000
__Ltext56                                 text56       000000
__Ltext57                                 text57       000000
__Ltext58                                 text58       000000
__Ltext59                                 text59       000000
__Ltext6                                  text6        000000
__Ltext60                                 text60       000000
__Ltext61                                 text61       000000
__Ltext62                                 text62       000000
__Ltext63                                 text63       000000
__Ltext64                                 text64       000000
__Ltext65                                 text65       000000
__Ltext66                                 text66       000000
__Ltext67                                 text67       000000
__Ltext68                                 text68       000000
__Ltext69                                 text69       000000
__Ltext7                                  text7        000000
__Ltext70                                 text70       000000
__Ltext71                                 text71       000000
__Ltext72                                 text72       000000
__Ltext73                                 text73       000000
__Ltext74                                 text74       000000
__Ltext75                                 text75       000000
__Ltext76                                 text76       000000
__Ltext77                                 text77       000000
__Ltext78                                 text78       000000
__Ltext79                                 text79       000000
__Ltext8                                  text8        000000
__Ltext80                                 text80       000000
__Ltext82                                 text82       000000
__Ltext83                                 text83       000000
__Ltext84                                 text84       000000
__Ltext85                                 text85       000000
__Ltext86                                 text86       000000
__Ltext87                                 text87       000000
__Ltext88                                 text88       000000
__Ltext89                                 text89       000000
__Ltext9                                  text9        000000
__Ltext90                                 text90       000000
__Ltext91                                 text91       000000
__Ltext92                                 text92       000000
__Ltext93                                 text93       000000
__Ltext94                                 text94       000000
__Ltext95                                 text95       000000
__Ltext96                                 text96       000000
__Ltext97                                 text97       000000
__Ltext98                                 text98       000000
__Ltext99                                 text99       000000
__S0                                      (abs)        30000E
__S1                                      (abs)        000289
__S2                                      (abs)        000000
___inthi_sp                               stack        000000
___intlo_sp                               stack        000000
___lwdiv                                  text53       0026A2
___lwdiv@counter                          cstackCOMRAM 000018
___lwdiv@dividend                         cstackCOMRAM 000014
___lwdiv@divisor                          cstackCOMRAM 000016
___lwdiv@quotient                         cstackCOMRAM 000019
___lwmod                                  text52       002A1C
___lwmod@counter                          cstackCOMRAM 00001F
___lwmod@dividend                         cstackCOMRAM 00001B
___lwmod@divisor                          cstackCOMRAM 00001D
___param_bank                             (abs)        000010
___rparam_used                            (abs)        000001
___sp                                     stack        000000
___wmul                                   text46       002F8C
___wmul@multiplicand                      cstackCOMRAM 000016
___wmul@multiplier                        cstackCOMRAM 000014
___wmul@product                           cstackCOMRAM 000018
__accesstop                               (abs)        000060
__activetblptr                            (abs)        000002
__end_of_ADC_Debug                        text49       001D3E
__end_of_ADC_GetConversionResult_8bit     text99       003210
__end_of_ADC_ISR                          text98       00314A
__end_of_ADC_Initialize                   text24       0030B4
__end_of_ADC_StartConversion              text80       003102
__end_of_Battery_Check                    text69       0028C6
__end_of_Battery_Display                  text43       0017A8
__end_of_Brightness_SW_Check              text67       0025EA
__end_of_Build_Volume_Array               text66       00322E
__end_of_Button_Check                     text64       00249C
__end_of_DebugMenu                        text33       001C22
__end_of_Debug_Mode                       text32       002516
__end_of_EPWM1_Initialize                 text23       00303E
__end_of_EPWM1_LoadDutyValue              text65       002C0E
__end_of_EUSART1_Initialize               text22       002CE8
__end_of_EUSART1_Read                     text63       002D86
__end_of_EUSART1_Receive_ISR              text97       002F8C
__end_of_EUSART1_Transmit_ISR             text96       002E1E
__end_of_EUSART1_Write                    text62       002B1C
__end_of_EUSART2_Initialize               text21       002CB2
__end_of_EUSART2_Read                     text27       002D52
__end_of_EUSART2_Receive_ISR              text95       002F60
__end_of_EUSART2_Transmit_ISR             text94       002DEC
__end_of_EUSART2_Write                    text72       002B5A
__end_of_EUSART2_Write_Array              text71       002DBA
__end_of_EXT_INT_Initialize               text16       002952
__end_of_Headphone_Check                  text30       00305C
__end_of_Headphones                       text31       001F9E
__end_of_I2C_BusCollisionISR              text93       003232
__end_of_I2C_FunctionComplete             text92       00311C
__end_of_I2C_ISR                          text90       001384
__end_of_I2C_Initialize                   text29       002C46
__end_of_I2C_MasterQueueIsEmpty           text41       0031C2
__end_of_I2C_MasterRead                   text77       00287C
__end_of_I2C_MasterReadTRBBuild           text79       0027E4
__end_of_I2C_MasterTRBInsert              text78       002058
__end_of_I2C_MasterWrite                  text75       002830
__end_of_I2C_MasterWriteTRBBuild          text76       0029DA
__end_of_I2C_Read                         text74       0021C8
__end_of_I2C_Stop                         text91       002AA0
__end_of_I2C_Write                        text36       002648
__end_of_INT0_SetInterruptHandler         text20       0031FE
__end_of_INT1_SetInterruptHandler         text19       0031F4
__end_of_INT2_SetInterruptHandler         text18       0031EA
__end_of_INT3_CallBack                    text88       002FD8
__end_of_INT3_DefaultInterruptHandler     text89       003230
__end_of_INT3_ISR                         text86       0031B4
__end_of_INT3_SetInterruptHandler         text17       0031E0
__end_of_INTERRUPT_Initialize             text15       00322C
__end_of_INTERRUPT_InterruptManager       intcode      000916
__end_of_LED_Check                        text28       002586
__end_of_LED_Control                      text42       001110
__end_of_Linearized_Volume_Array          mediumconst  007B63
__end_of_MAX17048_Communication           text38       0015B8
__end_of_OSCILLATOR_Initialize            text14       003170
__end_of_PIN_MANAGER_Initialize           text13       002EDC
__end_of_PI_UART_SYNC                     text26       002A1C
__end_of_PWR_SW_Check                     text25       002382
__end_of_Read_Battery_Percent             text73       0030E8
__end_of_Read_Battery_Register            text40       00307A
__end_of_Read_Battery_Voltage             text39       0030CE
__end_of_Read_Commands                    text54       001AEC
__end_of_SYSTEM_Initialize                text4        002C7C
__end_of_Screen_Brightness_Debug          text37       002260
__end_of_Set_Volume                       text3        0026A2
__end_of_TAS2521_Communication            text34       00196A
__end_of_TAS2521_Initialize               text35       000E88
__end_of_TMR1_DefaultInterruptHandler     text85       003194
__end_of_TMR1_ISR                         text84       002EAE
__end_of_TMR1_Initialize                  text10       002BD2
__end_of_TMR1_SetInterruptHandler         text12       0031D6
__end_of_TMR1_StartTimer                  text11       003228
__end_of_TMR2_Initialize                  text8        00315E
__end_of_TMR2_StartTimer                  text9        003224
__end_of_TMR3_DefaultInterruptHandler     text83       003182
__end_of_TMR3_ISR                         text82       002E7E
__end_of_TMR3_Initialize                  text5        002B96
__end_of_TMR3_SetInterruptHandler         text7        0031CC
__end_of_TMR3_StartTimer                  text6        003220
__end_of_Update_Battery_Display           text68       002FFC
__end_of_Update_Battery_Icon              text70       003020
__end_of_Update_X_Offset                  text48       002F34
__end_of_Update_Y_Offset                  text47       002F08
__end_of_Volume_Update                    text1        002ADE
__end_of___lwdiv                          text53       0026F4
__end_of___lwmod                          text52       002A5E
__end_of___wmul                           text46       002FB2
__end_of__initialization                  cinit        0022E4
__end_of_abval                            text2        002E4E
__end_of_atoi                             text44       001EDE
__end_of_dpowers                          mediumconst  007B6D
__end_of_getch                            text60       0031A4
__end_of_hexpowers                        mediumconst  007B75
__end_of_isdigit                          text45       003098
__end_of_main                             text0        002110
__end_of_printf                           text51       000BF6
__end_of_putch                            text61       003208
__end_of_strchr                           text58       002D1E
__end_of_strcmp                           text50       00290E
__end_of_strcpy                           text59       002996
__end_of_strcspn                          text57       002794
__end_of_strspn                           text56       002744
__end_of_strtok                           text55       001E10
__end_ofi2_PWR_SW_Check                   text87       002412
__initialization                          cinit        002260
__mediumconst                             mediumconst  007A62
[...]
 This function uses a non-reentrant model


 *************** function _I2C_Stop *****************
 Defined at:
		line 579 in file "mcc_generated_files/i2c.c"
 Parameters:    Size  Location     Type
  completion_c    1    wreg     enum E17875
 Auto vars:     Size  Location     Type
  completion_c    1    2[COMRAM] enum E17875
 Return value:  Size  Location     Type
                  1    wreg      void 
 Registers used:
		wreg, fsr2l, fsr2h, status,2, status,0
 Tracked objects:
		On entry : 
		On exit  : 
		Unchanged: 
 Data sizes:     COMRAM   BANK0   BANK1   BANK2   BANK3   BANK4   BANK5   BANK6   BANK7   BANK8   BANK9  BANK10  BANK11  BANK12  BANK13  BANK14
      Params:         0       0       0       0       0       0       0       0       0       0       0       0       0       0       0       0
      Locals:         1       0       0       0       0       0       0       0       0       0       0       0       0       0       0       0
      Temps:          2       0       0       0       0       0       0       0       0       0       0       0       0       0       0       0
      Totals:         3       0       0       0       0       0       0       0       0       0       0       0       0       0       0       0
Total ram usage:        3 bytes
 Hardware stack levels used:    1
 This function calls:
		Nothing
 This function is called by:
		_I2C_ISR
 This function uses a non-reentrant model


 *************** function _I2C_FunctionComplete *****************
 Defined at:
		line 561 in file "mcc_generated_files/i2c.c"
 Parameters:    Size  Location     Type
		None
 Auto vars:     Size  Location     Type
		None
 Return value:  Size  Location     Type
                  1    wreg      void 
 Registers used:
		wreg, status,2, status,0
 Tracked objects:
		On entry : 
		On exit  : 
		Unchanged: 
 Data sizes:     COMRAM   BANK0   BANK1   BANK2   BANK3   BANK4   BANK5   BANK6   BANK7   BANK8   BANK9  BANK10  BANK11  BANK12  BANK13  BANK14
      Params:         0       0       0       0       0       0       0       0       0       0       0       0       0       0       0       0
      Locals:         0       0       0       0       0       0       0       0       0       0       0       0       0       0       0       0
      Temps:          0       0       0       0       0       0       0       0       0       0       0       0       0       0       0       0
      Totals:         0       0       0       0       0       0       0       0       0       0       0       0       0       0       0       0
Total ram usage:        0 bytes
 Hardware stack levels used:    1
 This function calls:
		Nothing
 This function is called by:
		_I2C_ISR
 This function uses a non-reentrant model


 *************** function _I2C_BusCollisionISR *****************
 Defined at:
		line 726 in file "mcc_generated_files/i2c.c"
 Parameters:    Size  Location     Type
		None
 Auto vars:     Size  Location     Type
		None
 Return value:  Size  Location     Type
                  1    wreg      void 
 Registers used:
		None
 Tracked objects:
		On entry : 
		On exit  : 
		Unchanged: 
 Data sizes:     COMRAM   BANK0   BANK1   BANK2   BANK3   BANK4   BANK5   BANK6   BANK7   BANK8   BANK9  BANK10  BANK11  BANK12  BANK13  BANK14
      Params:         0       0       0       0       0       0       0       0       0       0       0       0       0       0       0       0
      Locals:         0       0       0       0       0       0       0       0       0       0       0       0       0       0       0       0
      Temps:          0       0       0       0       0       0       0       0       0       0       0       0       0       0       0       0
      Totals:         0       0       0       0       0       0       0       0       0       0       0       0       0       0       0       0
Total ram usage:        0 bytes
 Hardware stack levels used:    1
 This function calls:
		Nothing
 This function is called by:
		_INTERRUPT_InterruptManager
 This function uses a non-reentrant model


 *************** function _EUSART2_Transmit_ISR *****************
 Defined at:
		line 158 in file "mcc_generated_files/eusart2.c"
 Parameters:    Size  Location     Type
		None
 Auto vars:     Size  Location     Type
		None
 Return value:  Size  Location     Type
                  1    wreg      void 
 Registers used:
		wreg, fsr2l, fsr2h, status,2, status,0, prodl, prodh
 Tracked objects:
		On entry : 
		On exit  : 
		Unchanged: 
 Data sizes:     COMRAM   BANK0   BANK1   BANK2   BANK3   BANK4   BANK5   BANK6   BANK7   BANK8   BANK9  BANK10  BANK11  BANK12  BANK13  BANK14
      Params:         0       0       0       0       0       0       0       0       0       0       0       0       0       0       0       0
      Locals:         0       0       0       0       0       0       0       0       0       0       0       0       0       0       0       0
      Temps:          0       0       0       0       0       0       0       0       0       0       0       0       0       0       0       0
      Totals:         0       0       0       0       0       0       0       0       0       0       0       0       0       0       0       0
Total ram usage:        0 bytes
 Hardware stack levels used:    1
 This function calls:
		Nothing
 This function is called by:
		_INTERRUPT_InterruptManager
 This function uses a non-reentrant model


 *************** function _EUSART2_Receive_ISR *****************
 Defined at:
		line 177 in file "mcc_generated_files/eusart2.c"
 Parameters:    Size  Location     Type
		None
 Auto vars:     Size  Location     Type
		None
 Return value:  Size  Location     Type
                  1    wreg      void 
 Registers used:
		wreg, fsr2l, fsr2h, status,2, status,0, prodl, prodh
 Tracked objects:
		On entry : 
		On exit  : 
		Unchanged: 
 Data sizes:     COMRAM   BANK0   BANK1   BANK2   BANK3   BANK4   BANK5   BANK6   BANK7   BANK8   BANK9  BANK10  BANK11  BANK12  BANK13  BANK14
      Params:         0       0       0       0       0       0       0       0       0       0       0       0       0       0       0       0
      Locals:         0       0       0       0       0       0       0       0       0       0       0       0       0       0       0       0
      Temps:          0       0       0       0       0       0       0       0       0       0       0       0       0       0       0       0
      Totals:         0       0       0       0       0       0       0       0       0       0       0       0       0       0       0       0
Total ram usage:        0 bytes
 Hardware stack levels used:    1
 This function calls:
		Nothing
 This function is called by:
		_INTERRUPT_InterruptManager
 This function uses a non-reentrant model


 *************** function _EUSART1_Transmit_ISR *****************
 Defined at:
		line 168 in file "mcc_generated_files/eusart1.c"
 Parameters:    Size  Location     Type
		None
 Auto vars:     Size  Location     Type
		None
 Return value:  Size  Location     Type
                  1    wreg      void 
 Registers used:
		wreg, fsr2l, fsr2h, status,2, status,0, prodl, prodh
 Tracked objects:
		On entry : 
		On exit  : 
		Unchanged: 
 Data sizes:     COMRAM   BANK0   BANK1   BANK2   BANK3   BANK4   BANK5   BANK6   BANK7   BANK8   BANK9  BANK10  BANK11  BANK12  BANK13  BANK14
      Params:         0       0       0       0       0       0       0       0       0       0       0       0       0       0       0       0
      Locals:         0       0       0       0       0       0       0       0       0       0       0       0       0       0       0       0
      Temps:          0       0       0       0       0       0       0       0       0       0       0       0       0       0       0       0
      Totals:         0       0       0       0       0       0       0       0       0       0       0       0       0       0       0       0
Total ram usage:        0 bytes
 Hardware stack levels used:    1
 This function calls:
		Nothing
 This function is called by:
		_INTERRUPT_InterruptManager
 This function uses a non-reentrant model


 *************** function _EUSART1_Receive_ISR *****************
 Defined at:
		line 187 in file "mcc_generated_files/eusart1.c"
 Parameters:    Size  Location     Type
		None
 Auto vars:     Size  Location     Type
		None
 Return value:  Size  Location     Type
                  1    wreg      void 
 Registers used:
		wreg, fsr2l, fsr2h, status,2, status,0, prodl, prodh
 Tracked objects:
		On entry : 
		On exit  : 
		Unchanged: 
 Data sizes:     COMRAM   BANK0   BANK1   BANK2   BANK3   BANK4   BANK5   BANK6   BANK7   BANK8   BANK9  BANK10  BANK11  BANK12  BANK13  BANK14
      Params:         0       0       0       0       0       0       0       0       0       0       0       0       0       0       0       0
      Locals:         0       0       0       0       0       0       0       0       0       0       0       0       0       0       0       0
      Temps:          0       0       0       0       0       0       0       0       0       0       0       0       0       0       0       0
      Totals:         0       0       0       0       0       0       0       0       0       0       0       0       0       0       0       0
Total ram usage:        0 bytes
 Hardware stack levels used:    1
 This function calls:
		Nothing
 This function is called by:
		_INTERRUPT_InterruptManager
 This function uses a non-reentrant model


 *************** function _ADC_ISR *****************
 Defined at:
		line 137 in file "mcc_generated_files/adc.c"
 Parameters:    Size  Location     Type
		None
 Auto vars:     Size  Location     Type
		None
 Return value:  Size  Location     Type
                  1    wreg      void 
 Registers used:
		wreg, status,2, status,0, cstack
 Tracked objects:
		On entry : 
		On exit  : 
		Unchanged: 
 Data sizes:     COMRAM   BANK0   BANK1   BANK2   BANK3   BANK4   BANK5   BANK6   BANK7   BANK8   BANK9  BANK10  BANK11  BANK12  BANK13  BANK14
      Params:         0       0       0       0       0       0       0       0       0       0       0       0       0       0       0       0
      Locals:         0       0       0       0       0       0       0       0       0       0       0       0       0       0       0       0
      Temps:          1       0       0       0       0       0       0       0       0       0       0       0       0       0       0       0
      Totals:         1       0       0       0       0       0       0       0       0       0       0       0       0       0       0       0
Total ram usage:        1 bytes
 Hardware stack levels used:    1
 Hardware stack levels required when called:    1
 This function calls:
		_ADC_GetConversionResult_8bit
 This function is called by:
		_INTERRUPT_InterruptManager
 This function uses a non-reentrant model


 *************** function _ADC_GetConversionResult_8bit *****************
 Defined at:
		line 108 in file "mcc_generated_files/adc.c"
 Parameters:    Size  Location     Type
		None
 Auto vars:     Size  Location     Type
		None
 Return value:  Size  Location     Type
                  2    0[COMRAM] unsigned int 
 Registers used:
		None
 Tracked objects:
		On entry : 
		On exit  : 
		Unchanged: 
 Data sizes:     COMRAM   BANK0   BANK1   BANK2   BANK3   BANK4   BANK5   BANK6   BANK7   BANK8   BANK9  BANK10  BANK11  BANK12  BANK13  BANK14
      Params:         2       0       0       0       0       0       0       0       0       0       0       0       0       0       0       0
      Locals:         0       0       0       0       0       0       0       0       0       0       0       0       0       0       0       0
      Temps:          0       0       0       0       0       0       0       0       0       0       0       0       0       0       0       0
      Totals:         2       0       0       0       0       0       0       0       0       0       0       0       0       0       0       0
Total ram usage:        2 bytes
 Hardware stack levels used:    1
 This function calls:
		Nothing
 This function is called by:
		_ADC_ISR
 This function uses a non-reentrant model



MODULE INFORMATION

Module		Function		Class		Link	Load	Size
F:\Microchip\XC8\sources\common\strcspn.c
		_strcspn       		CODE           	2744	0000	81

F:\Microchip\XC8\sources\common\strcspn.c estimated size: 81

F:\Microchip\XC8\sources\common\atoi.c
		_atoi          		CODE           	1E10	0000	207

F:\Microchip\XC8\sources\common\atoi.c estimated size: 207

mcc_generated_files/eusart2.c
		_EUSART2_Read  		CODE           	2D1E	0000	53
		_EUSART2_Write 		CODE           	2B1C	0000	63
		_EUSART2_Receive_ISR		CODE           	2F34	0000	45
		_EUSART2_Transmit_ISR		CODE           	2DBA	0000	51
		_EUSART2_Write_Array		CODE           	2D86	0000	53
		_EUSART2_Initialize		CODE           	2C7C	0000	55

mcc_generated_files/eusart2.c estimated size: 320

F:\Microchip\XC8\sources\common\isdigit.c
		_isdigit       		CODE           	307A	0000	31

F:\Microchip\XC8\sources\common\isdigit.c estimated size: 31

mcc_generated_files/tmr2.c
		_TMR2_Initialize		CODE           	314A	0000	21
		_TMR2_StartTimer		CODE           	3220	0000	5

mcc_generated_files/tmr2.c estimated size: 26

mcc_generated_files/interrupt_manager.c
		_INTERRUPT_Initialize		CODE           	3228	0000	5
		_INTERRUPT_InterruptManager		CODE           	0808	0000	271

mcc_generated_files/interrupt_manager.c estimated size: 276

battery_control.c
		_Update_Battery_Display		CODE           	2FD8	0000	37
		_Update_Battery_Icon		CODE           	2FFC	0000	37
		_Read_Battery_Voltage		CODE           	30B4	0000	27
		_Read_Battery_Register		CODE           	305C	0000	31
		_Update_X_Offset		CODE           	2F08	0000	45
		_Update_Y_Offset		CODE           	2EDC	0000	45
		_Read_Battery_Percent		CODE           	30CE	0000	27

battery_control.c estimated size: 249

mcc_generated_files/i2c.c
		_I2C_FunctionComplete		CODE           	3102	0000	27
		_I2C_MasterWrite		CODE           	27E4	0000	77
		_I2C_MasterQueueIsEmpty		CODE           	31B4	0000	15
		_I2C_MasterTRBInsert		CODE           	1F9E	0000	187
		_I2C_Write     		CODE           	25EA	0000	95
		_I2C_ISR       		CODE           	1110	0000	629
		_I2C_Stop      		CODE           	2A5E	0000	67
		_I2C_Read      		CODE           	2110	0000	185
		_I2C_MasterReadTRBBuild		CODE           	2794	0000	81
		_I2C_Initialize		CODE           	2C0E	0000	57
		_I2C_MasterWriteTRBBuild		CODE           	2996	0000	69
		_I2C_BusCollisionISR		CODE           	3230	0000	3
		_I2C_MasterRead		CODE           	2830	0000	77

mcc_generated_files/i2c.c estimated size: 1569

F:\Microchip\XC8\sources\common\strtok.c
		_strtok        		CODE           	1D3E	0000	211

F:\Microchip\XC8\sources\common\strtok.c estimated size: 211

sound_control.c
		_Volume_Update 		CODE           	2AA0	0000	63
		_Headphones    		CODE           	1EDE	0000	193
		_abval         		CODE           	2E1E	0000	49
		_Set_Volume    		CODE           	2648	0000	91
		_TAS2521_Initialize		CODE           	0BF6	0000	659
		_Build_Volume_Array		CODE           	322C	0000	3

sound_control.c estimated size: 1058

mcc_generated_files/pin_manager.c
		_PIN_MANAGER_Initialize		CODE           	2EAE	0000	47

mcc_generated_files/pin_manager.c estimated size: 47

Debug.c
		_ADC_Debug     		CODE           	1C22	0000	285
		_Battery_Display		CODE           	15B8	0000	497
		_Screen_Brightness_Debug		CODE           	21C8	0000	153
		_MAX17048_Communication		CODE           	1384	0000	565
		_Debug_Mode    		CODE           	249C	0000	123
		_Read_Commands 		CODE           	196A	0000	387
		_LED_Control   		CODE           	0E88	0000	649
		_TAS2521_Communication		CODE           	17A8	0000	451
		_DebugMenu     		CODE           	1AEC	0000	311

Debug.c estimated size: 3421

mcc_generated_files/adc.c
		_ADC_Initialize		CODE           	3098	0000	29
		_ADC_GetConversionResult_8bit		CODE           	3208	0000	9
		_ADC_StartConversion		CODE           	30E8	0000	27
		_ADC_ISR       		CODE           	3134	0000	23

mcc_generated_files/adc.c estimated size: 88

F:\Microchip\XC8\sources\common\lwmod.c
		___lwmod       		CODE           	2A1C	0000	67

F:\Microchip\XC8\sources\common\lwmod.c estimated size: 67

mcc_generated_files/ext_int.c
		_INT3_ISR      		CODE           	31A4	0000	17
		_INT0_SetInterruptHandler		CODE           	31F4	0000	11
		_INT1_SetInterruptHandler		CODE           	31EA	0000	11
		_EXT_INT_Initialize		CODE           	290E	0000	69
		_INT2_SetInterruptHandler		CODE           	31E0	0000	11
		_INT3_SetInterruptHandler		CODE           	31D6	0000	11
		_INT3_DefaultInterruptHandler		CODE           	322E	0000	3
		_INT3_CallBack 		CODE           	2FB2	0000	39

mcc_generated_files/ext_int.c estimated size: 172

F:\Microchip\XC8\sources\common\strcmp.c
		_strcmp        		CODE           	28C6	0000	73

F:\Microchip\XC8\sources\common\strcmp.c estimated size: 73

F:\Microchip\XC8\sources\common\strchr.c
		_strchr        		CODE           	2CE8	0000	55

F:\Microchip\XC8\sources\common\strchr.c estimated size: 55

shared
		_dpowers       		MEDIUMCONST    	7B63	0000	11
		__initialization		CODE           	2260	0000	133
		_hexpowers     		MEDIUMCONST    	7B6D	0000	9
		i2_PWR_SW_Check		CODE           	2382	0000	145
		_Linearized_Volume_Array		MEDIUMCONST    	7A63	0000	257

shared estimated size: 555

mcc_generated_files/eusart1.c
		_EUSART1_Initialize		CODE           	2CB2	0000	55
		_putch         		CODE           	31FE	0000	11
		_EUSART1_Read  		CODE           	2D52	0000	53
		_EUSART1_Write 		CODE           	2ADE	0000	63
		_EUSART1_Receive_ISR		CODE           	2F60	0000	45
		_getch         		CODE           	3194	0000	17
		_EUSART1_Transmit_ISR		CODE           	2DEC	0000	51

mcc_generated_files/eusart1.c estimated size: 295

F:\Microchip\XC8\sources\common\strcpy.c
		_strcpy        		CODE           	2952	0000	69

F:\Microchip\XC8\sources\common\strcpy.c estimated size: 69

mcc_generated_files/mcc.c
		_OSCILLATOR_Initialize		CODE           	315E	0000	19
		_SYSTEM_Initialize		CODE           	2C46	0000	55

mcc_generated_files/mcc.c estimated size: 74

mcc_generated_files/tmr3.c
		_TMR3_ISR      		CODE           	2E4E	0000	49
		_TMR3_Initialize		CODE           	2B5A	0000	61
		_TMR3_SetInterruptHandler		CODE           	31C2	0000	11
		_TMR3_DefaultInterruptHandler		CODE           	3170	0000	19
		_TMR3_StartTimer		CODE           	321C	0000	5

mcc_generated_files/tmr3.c estimated size: 145

mcc_generated_files/tmr1.c
		_TMR1_Initialize		CODE           	2B96	0000	61
		_TMR1_SetInterruptHandler		CODE           	31CC	0000	11
		_TMR1_DefaultInterruptHandler		CODE           	3182	0000	19
		_TMR1_StartTimer		CODE           	3224	0000	5
		_TMR1_ISR      		CODE           	2E7E	0000	49

mcc_generated_files/tmr1.c estimated size: 145

mcc_generated_files/epwm1.c
		_EPWM1_LoadDutyValue		CODE           	2BD2	0000	61
		_EPWM1_Initialize		CODE           	3020	0000	31

mcc_generated_files/epwm1.c estimated size: 92

F:\Microchip\XC8\sources\common\doprnt.c
		_printf        		CODE           	091A	0000	733

F:\Microchip\XC8\sources\common\doprnt.c estimated size: 733

F:\Microchip\XC8\sources\common\lwdiv.c
		___lwdiv       		CODE           	26A2	0000	83

F:\Microchip\XC8\sources\common\lwdiv.c estimated size: 83

F:\Microchip\XC8\sources\common\strspn.c
		_strspn        		CODE           	26F4	0000	81

F:\Microchip\XC8\sources\common\strspn.c estimated size: 81

F:\Microchip\XC8\sources\common\Umul16.c
		___wmul        		CODE           	2F8C	0000	39

F:\Microchip\XC8\sources\common\Umul16.c estimated size: 39

main.c
		_PI_UART_SYNC  		CODE           	29DA	0000	67
		_PWR_SW_Check  		CODE           	22F2	0000	145
		_LED_Check     		CODE           	2516	0000	113
		_main          		CODE           	2058	0000	185
		_Button_Check  		CODE           	2412	0000	139
		_Headphone_Check		CODE           	303E	0000	31
		_Battery_Check 		CODE           	287C	0000	75
		_Brightness_SW_Check		CODE           	2586	0000	101

main.c estimated size: 856

