Microchip MPLAB XC8 Compiler V1.42 ()

Linker command line:

-W-3 --edf=C:\Program Files (x86)\Microchip\xc8\v1.42\dat\en_msgs.txt -cs \
  -h+dist/No_Config_Bits/production\Bootloader.X.production.sym \
  --cmf=dist/No_Config_Bits/production\Bootloader.X.production.cmf -z \
  -Q18F25K80 -oC:\Users\Cody\AppData\Local\Temp\sa5k.2 \
  -Mdist/No_Config_Bits/production/Bootloader.X.production.map -E1 -ver=XC8 \
  -ASTACK=0A9h-0e40h -pstack=STACK -ACODE=00h-0799h -ACONST=00h-0799h \
  -ACOMRAM=01h-05Fh -AABS1=00h-0E40h -ABIGRAM=01h-0E40h \
  -ARAM=060h-0FFh,0100h-01FFhx13,0E00h-0E40h -ABANK0=060h-0FFh \
  -ABANK1=0100h-01FFh -ABANK2=0200h-02FFh -ABANK3=0300h-03FFh \
  -ABANK4=0400h-04FFh -ABANK5=0500h-05FFh -ABANK6=0600h-06FFh \
  -ABANK7=0700h-07FFh -ABANK8=0800h-08FFh -ABANK9=0900h-09FFh \
  -ABANK10=0A00h-0AFFh -ABANK11=0B00h-0BFFh -ABANK12=0C00h-0CFFh \
  -ABANK13=0D00h-0DFFh -ABANK14=0E00h-0E40h \
  -ASFR=0E41h-0EFFh,0F00h-0F5Fh,0F60h-0FFFh \
  -preset_vec=00h,intcode=08h,intcodelo=018h,powerup,init -pramtop=0F00h \
  -pconst=CONST -AFARRAM=00h-00h -ACONFIG=0300000h-030000Dh -pconfig=CONFIG \
  -AIDLOC=0200000h-0200007h -pidloc=IDLOC -AEEDATA=0F00000h-0F003FFh \
  -peeprom_data=EEDATA \
  -prdata=COMRAM,nvrram=COMRAM,nvbit=COMRAM,rbss=COMRAM,rbit=COMRAM \
  -pfarbss=FARRAM,fardata=FARRAM,nvFARRAM=FARRAM \
  -pintsave_regs=BIGRAM,bigbss=BIGRAM,bigdata=BIGRAM -pbss=RAM \
  -pidata=CODE,irdata=CODE,ibigdata=CODE,ifardata=CODE -prparam=COMRAM \
  C:\Users\Cody\AppData\Local\Temp\sa5k.obj \
  dist/No_Config_Bits/production\Bootloader.X.production.obj 

Object code version is 3.11

Machine type is 18F25K80

Call graph: (short form)




                Name                               Link     Load   Length Selector   Space Scale
C:\Users\Cody\AppData\Local\Temp\sa5k.obj
                init                                 AA       AA        4        C       0
                reset_vec                             0        0        4        0       0
                idloc                            200000   200000        8   200000       0
                config                           300000   300000        E   300000       0
dist/No_Config_Bits/production\Bootloader.X.production.obj
                intcodelo                            18       18       92        C       0
                intcode                               8        8        6        4       0
                temp                                 34       34        1        2       1
                text21                              64C      64C       38        C       0
                text20                              74E      74E        C        C       0
                text19                              726      726       10        C       0
                text18                              742      742        C        C       0
                text17                              4FA      4FA       58        C       0
                text16                              736      736        C        C       0
                text15                              42A      42A       6A        C       0
                text14                              2A6      2A6       94        C       0
                text13                              5A6      5A6       54        C       0
                text12                              5FA      5FA       52        C       0
                text11                              552      552       54        C       0
                text10                              3B2      3B2       78        C       0
                text9                               494      494       66        C       0
                text8                                AE       AE       B6        C       0
                text7                               20E      20E       98        C       0
                text6                               164      164       AA        C       0
                text5                               6D2      6D2       1A        C       0
                text4                               6EC      6EC       16        C       0
                text3                               714      714       12        C       0
                text2                               684      684       28        C       0
                text1                               702      702       12        C       0
                text0                               75A      75A        6        C       0
                cstackCOMRAM                          2        2       2A        2       1
                bssBANK0                             60       60       49       60       1
                bssCOMRAM                            2C       2C        8        2       1
                cinit                               6AC      6AC       26        C       0
                intcode_body                        33A      33A       78        C       0

TOTAL           Name                               Link     Load   Length     Space
        CLASS   STACK          

        CLASS   CODE           
                intcodelo                            18       18       92         0
                intcode                               8        8        6         0
                init                                 AA       AA        4         0
                reset_vec                             0        0        4         0
                text21                              64C      64C       38         0
                text20                              74E      74E        C         0
                text19                              726      726       10         0
                text18                              742      742        C         0
                text17                              4FA      4FA       58         0
                text16                              736      736        C         0
                text15                              42A      42A       6A         0
                text14                              2A6      2A6       94         0
                text13                              5A6      5A6       54         0
                text12                              5FA      5FA       52         0
                text11                              552      552       54         0
                text10                              3B2      3B2       78         0
                text9                               494      494       66         0
                text8                                AE       AE       B6         0
                text7                               20E      20E       98         0
                text6                               164      164       AA         0
                text5                               6D2      6D2       1A         0
                text4                               6EC      6EC       16         0
                text3                               714      714       12         0
                text2                               684      684       28         0
                text1                               702      702       12         0
                text0                               75A      75A        6         0
                cinit                               6AC      6AC       26         0
                intcode_body                        33A      33A       78         0

        CLASS   CONST          

        CLASS   COMRAM         
                temp                                 34       34        1         1
                cstackCOMRAM                          2        2       2A         1
                bssCOMRAM                            2C       2C        8         1

        CLASS   ABS1           
                abs_s1                                1        1        1         1

        CLASS   BIGRAM         

        CLASS   RAM            

        CLASS   BANK0          
                bssBANK0                             60       60       49         1

        CLASS   BANK1          

        CLASS   BANK2          

        CLASS   BANK3          

        CLASS   BANK4          

        CLASS   BANK5          

        CLASS   BANK6          

        CLASS   BANK7          

        CLASS   BANK8          

        CLASS   BANK9          

        CLASS   BANK10         

        CLASS   BANK11         

        CLASS   BANK12         

        CLASS   BANK13         

        CLASS   BANK14         

        CLASS   SFR            

        CLASS   FARRAM         

        CLASS   CONFIG         
                config                           300000   300000        E         0

        CLASS   IDLOC          
                idloc                            200000   200000        8         0

        CLASS   EEDATA         

        CLASS   MEDIUMCONST    

        CLASS   SMALLCONST     



SEGMENTS        Name                           Load    Length   Top    Selector   Space  Class

                reset_vec                      000000  000004  000004         0       0  CODE    
                cstackCOMRAM                   000002  000033  000035         2       1  COMRAM  
                intcode                        000008  000006  00000E         4       0  CODE    
                intcodelo                      000018  000748  000760         C       0  CODE    
                bssBANK0                       000060  000049  0000A9        60       1  BANK0   
                idloc                          200000  000008  200008    200000       0  IDLOC   
                config                         300000  00000E  30000E    300000       0  CONFIG  


UNUSED ADDRESS RANGES

        Name                Unused          Largest block    Delta
        BANK0            0000A9-0000FF               57
        BANK1            000100-0001FF              100
        BANK10           000A00-000AFF              100
        BANK11           000B00-000BFF              100
        BANK12           000C00-000CFF              100
        BANK13           000D00-000DFF              100
        BANK14           000E00-000E40               41
        BANK2            000200-0002FF              100
        BANK3            000300-0003FF              100
        BANK4            000400-0004FF              100
        BANK5            000500-0005FF              100
        BANK6            000600-0006FF              100
        BANK7            000700-0007FF              100
        BANK8            000800-0008FF              100
        BANK9            000900-0009FF              100
        BIGRAM           000035-00005F               2B
                         0000A9-000E40              D98
        CODE             000004-000007                4
                         00000E-000017                A
                         000760-000799               3A
        COMRAM           000035-00005F               2B
        CONST            000004-000007                4
                         00000E-000017                A
                         000760-000799               3A
        EEDATA           F00000-F003FF              400
        RAM              0000A9-000E40              100
        SFR              000E41-000FFF               BF
        STACK            0000A9-000E40              D98

                                  Symbol Table

Bootload_Required@i              cstackCOMRAM 000021
Calc_Checksum@i                  cstackCOMRAM 000021
EUSART1_Write@txData             cstackCOMRAM 000021
Erase_Flash@i                    cstackCOMRAM 000021
Get_Version_Data@i               cstackCOMRAM 000021
ProcessBootBuffer@len            cstackCOMRAM 000028
Read_Config@i                    cstackCOMRAM 000023
Read_EE_Data@i                   cstackCOMRAM 000023
Read_Flash@i                     cstackCOMRAM 000023
Run_Bootloader@ch                cstackCOMRAM 000029
Run_Bootloader@index             cstackCOMRAM 00002B
Run_Bootloader@msg_length        cstackCOMRAM 00002A
Write_Config@i                   cstackCOMRAM 000023
Write_EE_Data@i                  cstackCOMRAM 000023
Write_Flash@i                    cstackCOMRAM 000027
_ANCON0                          (abs)        000F5D
_ANCON1                          (abs)        000F5C
_BAUDCON1                        (abs)        000FA7
_BAUDCON1bits                    (abs)        000FA7
_BOOTLOADER_Initialize           text5        0006D2
_Bootload_Required               text21       00064C
_Calc_Checksum                   text17       0004FA
_Check_Device_Reset              text20       00074E
_EEADR                           (abs)        000F74
_EEADRH                          (abs)        000F75
_EECON1                          (abs)        000F7F
_EECON1bits                      (abs)        000F7F
_EECON2                          (abs)        000F7E
_EEDATA                          (abs)        000F73
_EE_Key_1                        (abs)        000000
_EE_Key_2                        (abs)        000001
_EUSART1_Initialize              text4        0006EC
_EUSART1_Read                    text19       000726
_EUSART1_Write                   text18       000742
_Erase_Flash                     text15       00042A
_Get_Version_Data                text14       0002A6
_INTCONbits                      (abs)        000FF2
_LATA                            (abs)        000F89
_LATB                            (abs)        000F8A
_LATC                            (abs)        000F8B
_LATCbits                        (abs)        000F8B
_OSCCON                          (abs)        000FD3
_OSCCON2                         (abs)        000FD2
_OSCILLATOR_Initialize           text3        000714
_OSCTUNE                         (abs)        000F9B
_PIN_MANAGER_Initialize          text2        000684
_PIR1bits                        (abs)        000F9E
_PIR4bits                        (abs)        000FB7
_PORTBbits                       (abs)        000F81
_ProcessBootBuffer               text7        00020E
_RCREG                           (abs)        000FAE
_RCREG1                          (abs)        000FAE
_RCSTA1                          (abs)        000FAB
_RCSTA1bits                      (abs)        000FAB
_REFOCON                         (abs)        000F9A
_Read_Config                     text13       0005A6
_Read_EE_Data                    text12       0005FA
_Read_Flash                      text11       000552
_Run_Bootloader                  text6        000164
_SPBRG1                          (abs)        000FAF
_SPBRGH1                         (abs)        000F7D
_STKPTR                          (abs)        000FFC
_SYSTEM_Initialize               text1        000702
_StartWrite                      text16       000736
_TABLAT                          (abs)        000FF5
_TBLPTR                          (abs)        000FF6
_TBLPTRH                         (abs)        000FF7
_TBLPTRL                         (abs)        000FF6
_TBLPTRU                         (abs)        000FF8
_TRISA                           (abs)        000F92
_TRISB                           (abs)        000F93
_TRISC                           (abs)        000F94
_TXREG1                          (abs)        000FAD
_TXSTA1                          (abs)        000FAC
_TXSTA1bits                      (abs)        000FAC
_WPUB                            (abs)        000F5B
_Write_Config                    text10       0003B2
_Write_EE_Data                   text9        000494
_Write_Flash                     text8        0000AE
__HRAM                           (abs)        000000
__Habs1                          abs1         000000
__Hbank0                         bank0        000000
__Hbank1                         bank1        000000
__Hbank10                        bank10       000000
__Hbank11                        bank11       000000
__Hbank12                        bank12       000000
__Hbank13                        bank13       000000
__Hbank14                        bank14       000000
__Hbank2                         bank2        000000
__Hbank3                         bank3        000000
__Hbank4                         bank4        000000
__Hbank5                         bank5        000000
__Hbank6                         bank6        000000
__Hbank7                         bank7        000000
__Hbank8                         bank8        000000
__Hbank9                         bank9        000000
__Hbigbss                        bigbss       000000
__Hbigdata                       bigdata      000000
__Hbigram                        bigram       000000
__Hbss                           bss          000000
__HbssBANK0                      bssBANK0     000000
__HbssCOMRAM                     bssCOMRAM    000000
__Hcinit                         cinit        000000
__Hclrtext                       clrtext      000000
__Hcomram                        comram       000000
__Hconfig                        config       30000E
__Hconst                         const        000000
__HcstackCOMRAM                  cstackCOMRAM 000000
__Hdata                          data         000000
__Heeprom_data                   eeprom_data  000000
__Hfarbss                        farbss       000000
__Hfardata                       fardata      000000
__Hibigdata                      ibigdata     000000
__Hidata                         idata        000000
__Hidloc                         idloc        200008
__Hifardata                      ifardata     000000
__Hinit                          init         0000AE
__Hintcode                       intcode      00000E
__Hintcode_body                  intcode_body 000000
__Hintcodelo                     intcodelo    0000AA
__Hintentry                      intentry     000000
__Hintret                        intret       000000
__Hintsave_regs                  intsave_regs 000000
__Hirdata                        irdata       000000
__Hmediumconst                   mediumconst  000000
__HnvFARRAM                      nvFARRAM     000000
__Hnvbit                         nvbit        000000
__Hnvrram                        nvrram       000000
__Hparam                         rparam       000000
__Hpowerup                       powerup      0000AA
__Hram                           ram          000000
__Hramtop                        ramtop       000F00
__Hrbit                          rbit         000000
__Hrbss                          rbss         000000
__Hrdata                         rdata        000000
__Hreset_vec                     reset_vec    000004
__Hrparam                        rparam       000000
__Hsfr                           sfr          000000
__Hsmallconst                    smallconst   000000
__Hspace_0                       (abs)        30000E
__Hspace_1                       (abs)        0000A9
__Hspace_2                       (abs)        000000
__Hstack                         stack        000000
__Hstruct                        struct       000000
__Htemp                          temp         000035
__Htext                          text         000000
__Htext0                         text0        000000
__Htext1                         text1        000000
__Htext10                        text10       000000
__Htext11                        text11       000000
__Htext12                        text12       000000
__Htext13                        text13       000000
__Htext14                        text14       000000
__Htext15                        text15       000000
__Htext16                        text16       000000
__Htext17                        text17       000000
__Htext18                        text18       000000
__Htext19                        text19       000000
__Htext2                         text2        000000
__Htext20                        text20       000000
__Htext21                        text21       000000
__Htext3                         text3        000000
__Htext4                         text4        000000
__Htext5                         text5        000000
__Htext6                         text6        000000
__Htext7                         text7        000000
__Htext8                         text8        000000
__Htext9                         text9        000000
__LRAM                           (abs)        000001
__Labs1                          abs1         000000
__Lbank0                         bank0        000000
__Lbank1                         bank1        000000
__Lbank10                        bank10       000000
__Lbank11                        bank11       000000
__Lbank12                        bank12       000000
__Lbank13                        bank13       000000
__Lbank14                        bank14       000000
__Lbank2                         bank2        000000
__Lbank3                         bank3        000000
__Lbank4                         bank4        000000
__Lbank5                         bank5        000000
__Lbank6                         bank6        000000
__Lbank7                         bank7        000000
__Lbank8                         bank8        000000
__Lbank9                         bank9        000000
__Lbigbss                        bigbss       000000
__Lbigdata                       bigdata      000000
__Lbigram                        bigram       000000
__Lbss                           bss          000000
__LbssBANK0                      bssBANK0     000000
__LbssCOMRAM                     bssCOMRAM    000000
__Lcinit                         cinit        000000
__Lclrtext                       clrtext      000000
__Lcomram                        comram       000000
__Lconfig                        config       300000
__Lconst                         const        000000
__LcstackCOMRAM                  cstackCOMRAM 000000
__Ldata                          data         000000
__Leeprom_data                   eeprom_data  000000
__Lfarbss                        farbss       000000
__Lfardata                       fardata      000000
__Libigdata                      ibigdata     000000
__Lidata                         idata        000000
__Lidloc                         idloc        200000
__Lifardata                      ifardata     000000
__Linit                          init         0000AA
__Lintcode                       intcode      000008
__Lintcode_body                  intcode_body 000000
__Lintcodelo                     intcodelo    000018
__Lintentry                      intentry     000000
__Lintret                        intret       000000
__Lintsave_regs                  intsave_regs 000000
__Lirdata                        irdata       000000
__Lmediumconst                   mediumconst  000000
__LnvFARRAM                      nvFARRAM     000000
__Lnvbit                         nvbit        000000
__Lnvrram                        nvrram       000000
__Lparam                         rparam       000000
__Lpowerup                       powerup      0000AA
__Lram                           ram          000000
__Lramtop                        ramtop       000F00
__Lrbit                          rbit         000000
__Lrbss                          rbss         000000
__Lrdata                         rdata        000000
__Lreset_vec                     reset_vec    000000
__Lrparam                        rparam       000000
__Lsfr                           sfr          000000
__Lsmallconst                    smallconst   000000
__Lspace_0                       (abs)        000000
__Lspace_1                       (abs)        000000
__Lspace_2                       (abs)        000000
__Lstack                         stack        000000
__Lstruct                        struct       000000
__Ltemp                          temp         000034
__Ltext                          text         000000
__Ltext0                         text0        000000
__Ltext1                         text1        000000
__Ltext10                        text10       000000
__Ltext11                        text11       000000
__Ltext12                        text12       000000
__Ltext13                        text13       000000
__Ltext14                        text14       000000
__Ltext15                        text15       000000
__Ltext16                        text16       000000
__Ltext17                        text17       000000
__Ltext18                        text18       000000
__Ltext19                        text19       000000
__Ltext2                         text2        000000
__Ltext20                        text20       000000
__Ltext21                        text21       000000
__Ltext3                         text3        000000
__Ltext4                         text4        000000
__Ltext5                         text5        000000
__Ltext6                         text6        000000
__Ltext7                         text7        000000
__Ltext8                         text8        000000
__Ltext9                         text9        000000
__S0                             (abs)        30000E
__S1                             (abs)        0000A9
__S2                             (abs)        000000
___inthi_sp                      stack        000000
___intlo_sp                      stack        000000
___param_bank                    (abs)        000000
___rparam_used                   (abs)        000001
___sp                            stack        000000
__accesstop                      (abs)        000060
__activetblptr                   (abs)        000002
__end_of_BOOTLOADER_Initialize   text5        0006EC
__end_of_Bootload_Required       text21       000684
__end_of_Calc_Checksum           text17       000552
__end_of_Check_Device_Reset      text20       00075A
__end_of_EUSART1_Initialize      text4        000702
__end_of_EUSART1_Read            text19       000736
__end_of_EUSART1_Write           text18       00074E
__end_of_Erase_Flash             text15       000494
__end_of_Get_Version_Data        text14       00033A
__end_of_OSCILLATOR_Initialize   text3        000726
__end_of_PIN_MANAGER_Initialize  text2        0006AC
__end_of_ProcessBootBuffer       text7        0002A6
__end_of_Read_Config             text13       0005FA
__end_of_Read_EE_Data            text12       00064C
__end_of_Read_Flash              text11       0005A6
__end_of_Run_Bootloader          text6        00020E
__end_of_SYSTEM_Initialize       text1        000714
__end_of_StartWrite              text16       000742
__end_of_Write_Config            text10       00042A
__end_of_Write_EE_Data           text9        0004FA
__end_of_Write_Flash             text8        000164
__end_of__initialization         cinit        0006C4
__end_of_main                    text0        000760
__end_of_service_isr_high        intcode_body 0003B2
__end_of_service_isr_low         intcodelo    0000AA
__initialization                 cinit        0006AC
__pbssBANK0                      bssBANK0     000060
__pbssCOMRAM                     bssCOMRAM    00002C
__pcinit                         cinit        0006AC
__pcstackCOMRAM                  cstackCOMRAM 000002
__pintcode                       intcode      000008
__pintcode_body                  intcode_body 00033A
__pintcodelo                     intcodelo    000018
__ptext0                         text0        00075A
__ptext1                         text1        000702
__ptext10                        text10       0003B2
__ptext11                        text11       000552
__ptext12                        text12       0005FA
__ptext13                        text13       0005A6
__ptext14                        text14       0002A6
__ptext15                        text15       00042A
__ptext16                        text16       000736
__ptext17                        text17       0004FA
__ptext18                        text18       000742
__ptext19                        text19       000726
__ptext2                         text2        000684
__ptext20                        text20       00074E
__ptext21                        text21       00064C
__ptext3                         text3        000714
__ptext4                         text4        0006EC
__ptext5                         text5        0006D2
__ptext6                         text6        000164
__ptext7                         text7        00020E
__ptext8                         text8        0000AE
__ptext9                         text9        000494
__ramtop                         ramtop       000F00
__size_of_BOOTLOADER_Initialize  (abs)        000000
__size_of_Bootload_Required      (abs)        000000
__size_of_Calc_Checksum          (abs)        000000
__size_of_Check_Device_Reset     (abs)        000000
__size_of_EUSART1_Initialize     (abs)        000000
__size_of_EUSART1_Read           (abs)        000000
__size_of_EUSART1_Write          (abs)        000000
__size_of_Erase_Flash            (abs)        000000
__size_of_Get_Version_Data       (abs)        000000
__size_of_OSCILLATOR_Initialize  (abs)        000000
__size_of_PIN_MANAGER_Initialize (abs)        000000
__size_of_ProcessBootBuffer      (abs)        000000
__size_of_Read_Config            (abs)        000000
__size_of_Read_EE_Data           (abs)        000000
__size_of_Read_Flash             (abs)        000000
__size_of_Run_Bootloader         (abs)        000000
__size_of_SYSTEM_Initialize      (abs)        000000
__size_of_StartWrite             (abs)        000000
__size_of_Write_Config           (abs)        000000
__size_of_Write_EE_Data          (abs)        000000
__size_of_Write_Flash            (abs)        000000
__size_of_main                   (abs)        000000
__size_of_service_isr_high       (abs)        000000
__size_of_service_isr_low        (abs)        000000
_check_sum                       bssCOMRAM    00002E
_counter                         bssCOMRAM    00002C
_data_length                     bssCOMRAM    000033
_frame                           bssBANK0     000060
_main                            text0        00075A
_reset_pending                   bssCOMRAM    000030
_rx_data                         bssCOMRAM    000032
_service_isr_high                intcode      000008
_service_isr_low                 intcodelo    000018
_tx_data                         bssCOMRAM    000031
btemp                            temp         000034
end_of_initialization            cinit        0006C4
int$flags                        temp         000034
int_func                         intcode_body 00033A
intlevel0                        text         000000
intlevel1                        text         000000
intlevel2                        text         000000
intlevel3                        text         000000
stackhi                          (abs)        000E40
stacklo                          (abs)        0000A9
start                            init         0000AA
start_initialization             cinit        0006AC


FUNCTION INFORMATION:

 *************** function _main *****************
 Defined at:
		line 51 in file "main.c"
 Parameters:    Size  Location     Type
		None
 Auto vars:     Size  Location     Type
		None
 Return value:  Size  Location     Type
                  1    wreg      void 
 Registers used:
		wreg, fsr2l, fsr2h, status,2, status,0, prodl, prodh, cstack
 Tracked objects:
		On entry : 
		On exit  : 
		Unchanged: 
 Data sizes:     COMRAM   BANK0   BANK1   BANK2   BANK3   BANK4   BANK5   BANK6   BANK7   BANK8   BANK9  BANK10  BANK11  BANK12  BANK13  BANK14
      Params:         0       0       0       0       0       0       0       0       0       0       0       0       0       0       0       0
      Locals:         0       0       0       0       0       0       0       0       0       0       0       0       0       0       0       0
      Temps:          0       0       0       0       0       0       0       0       0       0       0       0       0       0       0       0
      Totals:         0       0       0       0       0       0       0       0       0       0       0       0       0       0       0       0
Total ram usage:        0 bytes
 Hardware stack levels required when called:    8
 This function calls:
		_SYSTEM_Initialize
 This function is called by:
		Startup code after reset
 This function uses a non-reentrant model


 *************** function _SYSTEM_Initialize *****************
 Defined at:
		line 117 in file "mcc_generated_files/mcc.c"
 Parameters:    Size  Location     Type
		None
 Auto vars:     Size  Location     Type
		None
 Return value:  Size  Location     Type
                  1    wreg      void 
 Registers used:
		wreg, fsr2l, fsr2h, status,2, status,0, prodl, prodh, cstack
 Tracked objects:
		On entry : 
		On exit  : 
		Unchanged: 
 Data sizes:     COMRAM   BANK0   BANK1   BANK2   BANK3   BANK4   BANK5   BANK6   BANK7   BANK8   BANK9  BANK10  BANK11  BANK12  BANK13  BANK14
      Params:         0       0       0       0       0       0       0       0       0       0       0       0       0       0       0       0
      Locals:         0       0       0       0       0       0       0       0       0       0       0       0       0       0       0       0
      Temps:          0       0       0       0       0       0       0       0       0       0       0       0       0       0       0       0
      Totals:         0       0       0       0       0       0       0       0       0       0       0       0       0       0       0       0
Total ram usage:        0 bytes
 Hardware stack levels used:    1
 Hardware stack levels required when called:    7
 This function calls:
		_BOOTLOADER_Initialize
		_EUSART1_Initialize
		_OSCILLATOR_Initialize
		_PIN_MANAGER_Initialize
 This function is called by:
		_main
 This function uses a non-reentrant model


 *************** function _PIN_MANAGER_Initialize *****************
 Defined at:
		line 52 in file "mcc_generated_files/pin_manager.c"
 Parameters:    Size  Location     Type
		None
 Auto vars:     Size  Location     Type
		None
 Return value:  Size  Location     Type
                  1    wreg      void 
 Registers used:
		wreg, status,2
 Tracked objects:
		On entry : 
		On exit  : 
		Unchanged: 
 Data sizes:     COMRAM   BANK0   BANK1   BANK2   BANK3   BANK4   BANK5   BANK6   BANK7   BANK8   BANK9  BANK10  BANK11  BANK12  BANK13  BANK14
      Params:         0       0       0       0       0       0       0       0       0       0       0       0       0       0       0       0
      Locals:         0       0       0       0       0       0       0       0       0       0       0       0       0       0       0       0
      Temps:          0       0       0       0       0       0       0       0       0       0       0       0       0       0       0       0
      Totals:         0       0       0       0       0       0       0       0       0       0       0       0       0       0       0       0
Total ram usage:        0 bytes
 Hardware stack levels used:    1
 Hardware stack levels required when called:    2
 This function calls:
		Nothing
 This function is called by:
		_SYSTEM_Initialize
 This function uses a non-reentrant model


 *************** function _OSCILLATOR_Initialize *****************
 Defined at:
		line 126 in file "mcc_generated_files/mcc.c"
 Parameters:    Size  Location     Type
		None
 Auto vars:     Size  Location     Type
		None
 Return value:  Size  Location     Type
                  1    wreg      void 
 Registers used:
		wreg, status,2
 Tracked objects:
		On entry : 
		On exit  : 
		Unchanged: 
 Data sizes:     COMRAM   BANK0   BANK1   BANK2   BANK3   BANK4   BANK5   BANK6   BANK7   BANK8   BANK9  BANK10  BANK11  BANK12  BANK13  BANK14
      Params:         0       0       0       0       0       0       0       0       0       0       0       0       0       0       0       0
      Locals:         0       0       0       0       0       0       0       0       0       0       0       0       0       0       0       0
      Temps:          0       0       0       0       0       0       0       0       0       0       0       0       0       0       0       0
      Totals:         0       0       0       0       0       0       0       0       0       0       0       0       0       0       0       0
Total ram usage:        0 bytes
 Hardware stack levels used:    1
 Hardware stack levels required when called:    2
 This function calls:
		Nothing
 This function is called by:
		_SYSTEM_Initialize
 This function uses a non-reentrant model


 *************** function _EUSART1_Initialize *****************
 Defined at:
		line 55 in file "mcc_generated_files/eusart1.c"
 Parameters:    Size  Location     Type
		None
 Auto vars:     Size  Location     Type
		None
 Return value:  Size  Location     Type
                  1    wreg      void 
 Registers used:
		wreg, status,2
 Tracked objects:
		On entry : 
		On exit  : 
		Unchanged: 
 Data sizes:     COMRAM   BANK0   BANK1   BANK2   BANK3   BANK4   BANK5   BANK6   BANK7   BANK8   BANK9  BANK10  BANK11  BANK12  BANK13  BANK14
      Params:         0       0       0       0       0       0       0       0       0       0       0       0       0       0       0       0
      Locals:         0       0       0       0       0       0       0       0       0       0       0       0       0       0       0       0
      Temps:          0       0       0       0       0       0       0       0       0       0       0       0       0       0       0       0
      Totals:         0       0       0       0       0       0       0       0       0       0       0       0       0       0       0       0
Total ram usage:        0 bytes
 Hardware stack levels used:    1
 Hardware stack levels required when called:    2
 This function calls:
		Nothing
 This function is called by:
		_SYSTEM_Initialize
 This function uses a non-reentrant model


 *************** function _BOOTLOADER_Initialize *****************
 Defined at:
		line 141 in file "mcc_generated_files/pic18f_bootload.c"
 Parameters:    Size  Location     Type
		None
 Auto vars:     Size  Location     Type
		None
 Return value:  Size  Location     Type
                  1    wreg      void 
 Registers used:
		wreg, fsr2l, fsr2h, status,2, status,0, prodl, prodh, cstack
 Tracked objects:
		On entry : 
		On exit  : 
		Unchanged: 
 Data sizes:     COMRAM   BANK0   BANK1   BANK2   BANK3   BANK4   BANK5   BANK6   BANK7   BANK8   BANK9  BANK10  BANK11  BANK12  BANK13  BANK14
      Params:         0       0       0       0       0       0       0       0       0       0       0       0       0       0       0       0
      Locals:         0       0       0       0       0       0       0       0       0       0       0       0       0       0       0       0
      Temps:          0       0       0       0       0       0       0       0       0       0       0       0       0       0       0       0
      Totals:         0       0       0       0       0       0       0       0       0       0       0       0       0       0       0       0
Total ram usage:        0 bytes
 Hardware stack levels used:    1
 Hardware stack levels required when called:    6
 This function calls:
		_Bootload_Required
		_Run_Bootloader
 This function is called by:
		_SYSTEM_Initialize
 This function uses a non-reentrant model


 *************** function _Run_Bootloader *****************
 Defined at:
		line 62 in file "mcc_generated_files/pic18f_uart.c"
 Parameters:    Size  Location     Type
		None
 Auto vars:     Size  Location     Type
  ch              1   39[COMRAM] unsigned char 
  index           1   41[COMRAM] volatile unsigned char 
  msg_length      1   40[COMRAM] unsigned char 
 Return value:  Size  Location     Type
                  1    wreg      void 
 Registers used:
		wreg, fsr2l, fsr2h, status,2, status,0, prodl, prodh, cstack
 Tracked objects:
		On entry : 
		On exit  : 
		Unchanged: 
 Data sizes:     COMRAM   BANK0   BANK1   BANK2   BANK3   BANK4   BANK5   BANK6   BANK7   BANK8   BANK9  BANK10  BANK11  BANK12  BANK13  BANK14
      Params:         0       0       0       0       0       0       0       0       0       0       0       0       0       0       0       0
      Locals:         3       0       0       0       0       0       0       0       0       0       0       0       0       0       0       0
      Temps:          0       0       0       0       0       0       0       0       0       0       0       0       0       0       0       0
      Totals:         3       0       0       0       0       0       0       0       0       0       0       0       0       0       0       0
Total ram usage:        3 bytes
 Hardware stack levels used:    1
 Hardware stack levels required when called:    5
 This function calls:
		_Check_Device_Reset
		_EUSART1_Read
		_EUSART1_Write
		_ProcessBootBuffer
 This function is called by:
		_BOOTLOADER_Initialize
 This function uses a non-reentrant model


 *************** function _ProcessBootBuffer *****************
 Defined at:
		line 188 in file "mcc_generated_files/pic18f_bootload.c"
 Parameters:    Size  Location     Type
		None
 Auto vars:     Size  Location     Type
  len             1   38[COMRAM] unsigned char 
 Return value:  Size  Location     Type
                  1    wreg      unsigned char 
 Registers used:
		wreg, fsr2l, fsr2h, status,2, status,0, prodl, prodh, cstack
 Tracked objects:
		On entry : 
		On exit  : 
		Unchanged: 
 Data sizes:     COMRAM   BANK0   BANK1   BANK2   BANK3   BANK4   BANK5   BANK6   BANK7   BANK8   BANK9  BANK10  BANK11  BANK12  BANK13  BANK14
      Params:         0       0       0       0       0       0       0       0       0       0       0       0       0       0       0       0
      Locals:         1       0       0       0       0       0       0       0       0       0       0       0       0       0       0       0
      Temps:          0       0       0       0       0       0       0       0       0       0       0       0       0       0       0       0
      Totals:         1       0       0       0       0       0       0       0       0       0       0       0       0       0       0       0
Total ram usage:        1 bytes
 Hardware stack levels used:    1
 Hardware stack levels required when called:    4
 This function calls:
		_Calc_Checksum
		_Erase_Flash
		_Get_Version_Data
		_Read_Config
		_Read_EE_Data
		_Read_Flash
		_Write_Config
		_Write_EE_Data
		_Write_Flash
 This function is called by:
		_Run_Bootloader
 This function uses a non-reentrant model


 *************** function _Write_Flash *****************
 Defined at:
		line 305 in file "mcc_generated_files/pic18f_bootload.c"
 Parameters:    Size  Location     Type
		None
 Auto vars:     Size  Location     Type
  i               1   37[COMRAM] unsigned char 
 Return value:  Size  Location     Type
                  1    wreg      unsigned char 
 Registers used:
		wreg, fsr2l, fsr2h, status,2, status,0, prodl, prodh, cstack
 Tracked objects:
		On entry : 
		On exit  : 
		Unchanged: 
 Data sizes:     COMRAM   BANK0   BANK1   BANK2   BANK3   BANK4   BANK5   BANK6   BANK7   BANK8   BANK9  BANK10  BANK11  BANK12  BANK13  BANK14
      Params:         0       0       0       0       0       0       0       0       0       0       0       0       0       0       0       0
      Locals:         1       0       0       0       0       0       0       0       0       0       0       0       0       0       0       0
      Temps:          6       0       0       0       0       0       0       0       0       0       0       0       0       0       0       0
      Totals:         7       0       0       0       0       0       0       0       0       0       0       0       0       0       0       0
Total ram usage:        7 bytes
 Hardware stack levels used:    1
 Hardware stack levels required when called:    3
 This function calls:
		_StartWrite
 This function is called by:
		_ProcessBootBuffer
 This function uses a non-reentrant model


 *************** function _Write_EE_Data *****************
 Defined at:
		line 391 in file "mcc_generated_files/pic18f_bootload.c"
 Parameters:    Size  Location     Type
		None
 Auto vars:     Size  Location     Type
  i               1   33[COMRAM] unsigned char 
 Return value:  Size  Location     Type
                  1    wreg      unsigned char 
 Registers used:
		wreg, fsr2l, fsr2h, status,2, status,0, prodl, prodh, cstack
 Tracked objects:
		On entry : 
		On exit  : 
		Unchanged: 
 Data sizes:     COMRAM   BANK0   BANK1   BANK2   BANK3   BANK4   BANK5   BANK6   BANK7   BANK8   BANK9  BANK10  BANK11  BANK12  BANK13  BANK14
      Params:         0       0       0       0       0       0       0       0       0       0       0       0       0       0       0       0
      Locals:         1       0       0       0       0       0       0       0       0       0       0       0       0       0       0       0
      Temps:          2       0       0       0       0       0       0       0       0       0       0       0       0       0       0       0
      Totals:         3       0       0       0       0       0       0       0       0       0       0       0       0       0       0       0
Total ram usage:        3 bytes
 Hardware stack levels used:    1
 Hardware stack levels required when called:    3
 This function calls:
		_StartWrite
 This function is called by:
		_ProcessBootBuffer
 This function uses a non-reentrant model


 *************** function _Write_Config *****************
 Defined at:
		line 437 in file "mcc_generated_files/pic18f_bootload.c"
 Parameters:    Size  Location     Type
		None
 Auto vars:     Size  Location     Type
  i               1   33[COMRAM] unsigned char 
 Return value:  Size  Location     Type
                  1    wreg      unsigned char 
 Registers used:
		wreg, fsr2l, fsr2h, status,2, status,0, prodl, prodh, cstack
 Tracked objects:
		On entry : 
		On exit  : 
		Unchanged: 
 Data sizes:     COMRAM   BANK0   BANK1   BANK2   BANK3   BANK4   BANK5   BANK6   BANK7   BANK8   BANK9  BANK10  BANK11  BANK12  BANK13  BANK14
      Params:         0       0       0       0       0       0       0       0       0       0       0       0       0       0       0       0
      Locals:         1       0       0       0       0       0       0       0       0       0       0       0       0       0       0       0
      Temps:          2       0       0       0       0       0       0       0       0       0       0       0       0       0       0       0
      Totals:         3       0       0       0       0       0       0       0       0       0       0       0       0       0       0       0
Total ram usage:        3 bytes
 Hardware stack levels used:    1
 Hardware stack levels required when called:    3
 This function calls:
		_StartWrite
 This function is called by:
		_ProcessBootBuffer
 This function uses a non-reentrant model


 *************** function _Read_Flash *****************
 Defined at:
		line 283 in file "mcc_generated_files/pic18f_bootload.c"
 Parameters:    Size  Location     Type
		None
 Auto vars:     Size  Location     Type
  i               1   33[COMRAM] unsigned char 
 Return value:  Size  Location     Type
                  1    wreg      unsigned char 
 Registers used:
		wreg, fsr2l, fsr2h, status,2, status,0, prodl, prodh
 Tracked objects:
		On entry : 
		On exit  : 
		Unchanged: 
 Data sizes:     COMRAM   BANK0   BANK1   BANK2   BANK3   BANK4   BANK5   BANK6   BANK7   BANK8   BANK9  BANK10  BANK11  BANK12  BANK13  BANK14
      Params:         0       0       0       0       0       0       0       0       0       0       0       0       0       0       0       0
      Locals:         1       0       0       0       0       0       0       0       0       0       0       0       0       0       0       0
      Temps:          2       0       0       0       0       0       0       0       0       0       0       0       0       0       0       0
      Totals:         3       0       0       0       0       0       0       0       0       0       0       0       0       0       0       0
Total ram usage:        3 bytes
 Hardware stack levels used:    1
 Hardware stack levels required when called:    2
 This function calls:
		Nothing
 This function is called by:
		_ProcessBootBuffer
 This function uses a non-reentrant model


 *************** function _Read_EE_Data *****************
 Defined at:
		line 371 in file "mcc_generated_files/pic18f_bootload.c"
 Parameters:    Size  Location     Type
		None
 Auto vars:     Size  Location     Type
  i               1   33[COMRAM] unsigned char 
 Return value:  Size  Location     Type
                  1    wreg      unsigned char 
 Registers used:
		wreg, fsr2l, fsr2h, status,2, status,0, prodl, prodh
 Tracked objects:
		On entry : 
		On exit  : 
		Unchanged: 
 Data sizes:     COMRAM   BANK0   BANK1   BANK2   BANK3   BANK4   BANK5   BANK6   BANK7   BANK8   BANK9  BANK10  BANK11  BANK12  BANK13  BANK14
      Params:         0       0       0       0       0       0       0       0       0       0       0       0       0       0       0       0
      Locals:         1       0       0       0       0       0       0       0       0       0       0       0       0       0       0       0
      Temps:          2       0       0       0       0       0       0       0       0       0       0       0       0       0       0       0
      Totals:         3       0       0       0       0       0       0       0       0       0       0       0       0       0       0       0
Total ram usage:        3 bytes
 Hardware stack levels used:    1
 Hardware stack levels required when called:    2
 This function calls:
		Nothing
 This function is called by:
		_ProcessBootBuffer
 This function uses a non-reentrant model


 *************** function _Read_Config *****************
 Defined at:
		line 417 in file "mcc_generated_files/pic18f_bootload.c"
 Parameters:    Size  Location     Type
		None
 Auto vars:     Size  Location     Type
  i               1   33[COMRAM] unsigned char 
 Return value:  Size  Location     Type
                  1    wreg      unsigned char 
 Registers used:
		wreg, fsr2l, fsr2h, status,2, status,0, prodl, prodh
 Tracked objects:
		On entry : 
		On exit  : 
		Unchanged: 
 Data sizes:     COMRAM   BANK0   BANK1   BANK2   BANK3   BANK4   BANK5   BANK6   BANK7   BANK8   BANK9  BANK10  BANK11  BANK12  BANK13  BANK14
      Params:         0       0       0       0       0       0       0       0       0       0       0       0       0       0       0       0
      Locals:         1       0       0       0       0       0       0       0       0       0       0       0       0       0       0       0
      Temps:          2       0       0       0       0       0       0       0       0       0       0       0       0       0       0       0
      Totals:         3       0       0       0       0       0       0       0       0       0       0       0       0       0       0       0
Total ram usage:        3 bytes
 Hardware stack levels used:    1
 Hardware stack levels required when called:    2
 This function calls:
		Nothing
 This function is called by:
		_ProcessBootBuffer
 This function uses a non-reentrant model


 *************** function _Get_Version_Data *****************
 Defined at:
		line 242 in file "mcc_generated_files/pic18f_bootload.c"
 Parameters:    Size  Location     Type
		None
 Auto vars:     Size  Location     Type
  i               1   31[COMRAM] unsigned char 
 Return value:  Size  Location     Type
                  1    wreg      unsigned char 
 Registers used:
		wreg, fsr2l, fsr2h, status,2, status,0, prodl, prodh
 Tracked objects:
		On entry : 
		On exit  : 
		Unchanged: 
 Data sizes:     COMRAM   BANK0   BANK1   BANK2   BANK3   BANK4   BANK5   BANK6   BANK7   BANK8   BANK9  BANK10  BANK11  BANK12  BANK13  BANK14
      Params:         0       0       0       0       0       0       0       0       0       0       0       0       0       0       0       0
      Locals:         1       0       0       0       0       0       0       0       0       0       0       0       0       0       0       0
      Temps:          0       0       0       0       0       0       0       0       0       0       0       0       0       0       0       0
      Totals:         1       0       0       0       0       0       0       0       0       0       0       0       0       0       0       0
Total ram usage:        1 bytes
 Hardware stack levels used:    1
 Hardware stack levels required when called:    2
 This function calls:
		Nothing
 This function is called by:
		_ProcessBootBuffer
 This function uses a non-reentrant model


 *************** function _Erase_Flash *****************
 Defined at:
		line 341 in file "mcc_generated_files/pic18f_bootload.c"
 Parameters:    Size  Location     Type
		None
 Auto vars:     Size  Location     Type
  i               2   31[COMRAM] unsigned int 
 Return value:  Size  Location     Type
                  1    wreg      unsigned char 
 Registers used:
		wreg, status,2, status,0, cstack
 Tracked objects:
		On entry : 
		On exit  : 
		Unchanged: 
 Data sizes:     COMRAM   BANK0   BANK1   BANK2   BANK3   BANK4   BANK5   BANK6   BANK7   BANK8   BANK9  BANK10  BANK11  BANK12  BANK13  BANK14
      Params:         0       0       0       0       0       0       0       0       0       0       0       0       0       0       0       0
      Locals:         2       0       0       0       0       0       0       0       0       0       0       0       0       0       0       0
      Temps:          0       0       0       0       0       0       0       0       0       0       0       0       0       0       0       0
      Totals:         2       0       0       0       0       0       0       0       0       0       0       0       0       0       0       0
Total ram usage:        2 bytes
 Hardware stack levels used:    1
 Hardware stack levels required when called:    3
 This function calls:
		_StartWrite
 This function is called by:
		_ProcessBootBuffer
 This function uses a non-reentrant model


 *************** function _StartWrite *****************
 Defined at:
		line 490 in file "mcc_generated_files/pic18f_bootload.c"
 Parameters:    Size  Location     Type
		None
 Auto vars:     Size  Location     Type
		None
 Return value:  Size  Location     Type
                  1    wreg      void 
 Registers used:
		None
 Tracked objects:
		On entry : 
		On exit  : 
		Unchanged: 
 Data sizes:     COMRAM   BANK0   BANK1   BANK2   BANK3   BANK4   BANK5   BANK6   BANK7   BANK8   BANK9  BANK10  BANK11  BANK12  BANK13  BANK14
      Params:         0       0       0       0       0       0       0       0       0       0       0       0       0       0       0       0
      Locals:         0       0       0       0       0       0       0       0       0       0       0       0       0       0       0       0
      Temps:          0       0       0       0       0       0       0       0       0       0       0       0       0       0       0       0
      Totals:         0       0       0       0       0       0       0       0       0       0       0       0       0       0       0       0
Total ram usage:        0 bytes
 Hardware stack levels used:    1
 Hardware stack levels required when called:    2
 This function calls:
		Nothing
 This function is called by:
		_Write_Flash
		_Erase_Flash
		_Write_EE_Data
		_Write_Config
 This function uses a non-reentrant model


 *************** function _Calc_Checksum *****************
 Defined at:
		line 467 in file "mcc_generated_files/pic18f_bootload.c"
 Parameters:    Size  Location     Type
		None
 Auto vars:     Size  Location     Type
  i               2   31[COMRAM] unsigned int 
 Return value:  Size  Location     Type
                  1    wreg      unsigned char 
 Registers used:
		wreg, status,2, status,0
 Tracked objects:
		On entry : 
		On exit  : 
		Unchanged: 
 Data sizes:     COMRAM   BANK0   BANK1   BANK2   BANK3   BANK4   BANK5   BANK6   BANK7   BANK8   BANK9  BANK10  BANK11  BANK12  BANK13  BANK14
      Params:         0       0       0       0       0       0       0       0       0       0       0       0       0       0       0       0
      Locals:         2       0       0       0       0       0       0       0       0       0       0       0       0       0       0       0
      Temps:          0       0       0       0       0       0       0       0       0       0       0       0       0       0       0       0
      Totals:         2       0       0       0       0       0       0       0       0       0       0       0       0       0       0       0
Total ram usage:        2 bytes
 Hardware stack levels used:    1
 Hardware stack levels required when called:    2
 This function calls:
		Nothing
 This function is called by:
		_ProcessBootBuffer
 This function uses a non-reentrant model


 *************** function _EUSART1_Write *****************
 Defined at:
		line 96 in file "mcc_generated_files/eusart1.c"
 Parameters:    Size  Location     Type
  txData          1    wreg     unsigned char 
 Auto vars:     Size  Location     Type
  txData          1   31[COMRAM] unsigned char 
 Return value:  Size  Location     Type
                  1    wreg      void 
 Registers used:
		wreg
 Tracked objects:
		On entry : 
		On exit  : 
		Unchanged: 
 Data sizes:     COMRAM   BANK0   BANK1   BANK2   BANK3   BANK4   BANK5   BANK6   BANK7   BANK8   BANK9  BANK10  BANK11  BANK12  BANK13  BANK14
      Params:         0       0       0       0       0       0       0       0       0       0       0       0       0       0       0       0
      Locals:         1       0       0       0       0       0       0       0       0       0       0       0       0       0       0       0
      Temps:          0       0       0       0       0       0       0       0       0       0       0       0       0       0       0       0
      Totals:         1       0       0       0       0       0       0       0       0       0       0       0       0       0       0       0
Total ram usage:        1 bytes
 Hardware stack levels used:    1
 Hardware stack levels required when called:    2
 This function calls:
		Nothing
 This function is called by:
		_Run_Bootloader
 This function uses a non-reentrant model


 *************** function _EUSART1_Read *****************
 Defined at:
		line 77 in file "mcc_generated_files/eusart1.c"
 Parameters:    Size  Location     Type
		None
 Auto vars:     Size  Location     Type
		None
 Return value:  Size  Location     Type
                  1    wreg      unsigned char 
 Registers used:
		wreg, status,2
 Tracked objects:
		On entry : 
		On exit  : 
		Unchanged: 
 Data sizes:     COMRAM   BANK0   BANK1   BANK2   BANK3   BANK4   BANK5   BANK6   BANK7   BANK8   BANK9  BANK10  BANK11  BANK12  BANK13  BANK14
      Params:         0       0       0       0       0       0       0       0       0       0       0       0       0       0       0       0
      Locals:         0       0       0       0       0       0       0       0       0       0       0       0       0       0       0       0
      Temps:          0       0       0       0       0       0       0       0       0       0       0       0       0       0       0       0
      Totals:         0       0       0       0       0       0       0       0       0       0       0       0       0       0       0       0
Total ram usage:        0 bytes
 Hardware stack levels used:    1
 Hardware stack levels required when called:    2
 This function calls:
		Nothing
 This function is called by:
		_Run_Bootloader
 This function uses a non-reentrant model


 *************** function _Check_Device_Reset *****************
 Defined at:
		line 503 in file "mcc_generated_files/pic18f_bootload.c"
 Parameters:    Size  Location     Type
		None
 Auto vars:     Size  Location     Type
		None
 Return value:  Size  Location     Type
                  1    wreg      void 
 Registers used:
		wreg, status,2, status,0
 Tracked objects:
		On entry : 
		On exit  : 
		Unchanged: 
 Data sizes:     COMRAM   BANK0   BANK1   BANK2   BANK3   BANK4   BANK5   BANK6   BANK7   BANK8   BANK9  BANK10  BANK11  BANK12  BANK13  BANK14
      Params:         0       0       0       0       0       0       0       0       0       0       0       0       0       0       0       0
      Locals:         0       0       0       0       0       0       0       0       0       0       0       0       0       0       0       0
      Temps:          0       0       0       0       0       0       0       0       0       0       0       0       0       0       0       0
      Totals:         0       0       0       0       0       0       0       0       0       0       0       0       0       0       0       0
Total ram usage:        0 bytes
 Hardware stack levels used:    1
 Hardware stack levels required when called:    2
 This function calls:
		Nothing
 This function is called by:
		_Run_Bootloader
 This function uses a non-reentrant model


 *************** function _Bootload_Required *****************
 Defined at:
		line 155 in file "mcc_generated_files/pic18f_bootload.c"
 Parameters:    Size  Location     Type
		None
 Auto vars:     Size  Location     Type
  i               1   31[COMRAM] unsigned char 
 Return value:  Size  Location     Type
                  1    wreg      unsigned char 
 Registers used:
		wreg, status,2, status,0
 Tracked objects:
		On entry : 
		On exit  : 
		Unchanged: 
 Data sizes:     COMRAM   BANK0   BANK1   BANK2   BANK3   BANK4   BANK5   BANK6   BANK7   BANK8   BANK9  BANK10  BANK11  BANK12  BANK13  BANK14
      Params:         0       0       0       0       0       0       0       0       0       0       0       0       0       0       0       0
      Locals:         1       0       0       0       0       0       0       0       0       0       0       0       0       0       0       0
      Temps:          0       0       0       0       0       0       0       0       0       0       0       0       0       0       0       0
      Totals:         1       0       0       0       0       0       0       0       0       0       0       0       0       0       0       0
Total ram usage:        1 bytes
 Hardware stack levels used:    1
 Hardware stack levels required when called:    2
 This function calls:
		Nothing
 This function is called by:
		_BOOTLOADER_Initialize
 This function uses a non-reentrant model


 *************** function _service_isr_low *****************
 Defined at:
		line 134 in file "mcc_generated_files/pic18f_bootload.c"
 Parameters:    Size  Location     Type
		None
 Auto vars:     Size  Location     Type
		None
 Return value:  Size  Location     Type
                  1    wreg      void 
 Registers used:
		None
 Tracked objects:
		On entry : 
		On exit  : 
		Unchanged: 
 Data sizes:     COMRAM   BANK0   BANK1   BANK2   BANK3   BANK4   BANK5   BANK6   BANK7   BANK8   BANK9  BANK10  BANK11  BANK12  BANK13  BANK14
      Params:         0       0       0       0       0       0       0       0       0       0       0       0       0       0       0       0
      Locals:         0       0       0       0       0       0       0       0       0       0       0       0       0       0       0       0
      Temps:         17       0       0       0       0       0       0       0       0       0       0       0       0       0       0       0
      Totals:        17       0       0       0       0       0       0       0       0       0       0       0       0       0       0       0
Total ram usage:       17 bytes
 Hardware stack levels used:    1
 Hardware stack levels required when called:    1
 This function calls:
		Nothing
 This function is called by:
		Interrupt level 1
 This function uses a non-reentrant model


 *************** function _service_isr_high *****************
 Defined at:
		line 128 in file "mcc_generated_files/pic18f_bootload.c"
 Parameters:    Size  Location     Type
		None
 Auto vars:     Size  Location     Type
		None
 Return value:  Size  Location     Type
                  1    wreg      void 
 Registers used:
		None
 Tracked objects:
		On entry : 
		On exit  : 
		Unchanged: 
 Data sizes:     COMRAM   BANK0   BANK1   BANK2   BANK3   BANK4   BANK5   BANK6   BANK7   BANK8   BANK9  BANK10  BANK11  BANK12  BANK13  BANK14
      Params:         0       0       0       0       0       0       0       0       0       0       0       0       0       0       0       0
      Locals:         0       0       0       0       0       0       0       0       0       0       0       0       0       0       0       0
      Temps:         14       0       0       0       0       0       0       0       0       0       0       0       0       0       0       0
      Totals:        14       0       0       0       0       0       0       0       0       0       0       0       0       0       0       0
Total ram usage:       14 bytes
 Hardware stack levels used:    1
 This function calls:
		Nothing
 This function is called by:
		Interrupt level 2
 This function uses a non-reentrant model



MODULE INFORMATION

Module		Function		Class		Link	Load	Size
mcc_generated_files/pin_manager.c
		_PIN_MANAGER_Initialize		CODE           	0684	0000	41

mcc_generated_files/pin_manager.c estimated size: 41

mcc_generated_files/pic18f_uart.c
		_Run_Bootloader		CODE           	0164	0000	171

mcc_generated_files/pic18f_uart.c estimated size: 171

shared
		__initialization		CODE           	06AC	0000	25

shared estimated size: 25

mcc_generated_files/eusart1.c
		_EUSART1_Initialize		CODE           	06EC	0000	23
		_EUSART1_Read  		CODE           	0726	0000	17
		_EUSART1_Write 		CODE           	0742	0000	13

mcc_generated_files/eusart1.c estimated size: 53

mcc_generated_files/mcc.c
		_OSCILLATOR_Initialize		CODE           	0714	0000	19
		_SYSTEM_Initialize		CODE           	0702	0000	19

mcc_generated_files/mcc.c estimated size: 38

mcc_generated_files/pic18f_bootload.c
		_ProcessBootBuffer		CODE           	020E	0000	153
		_Calc_Checksum 		CODE           	04FA	0000	89
		_Write_Config  		CODE           	03B2	0000	121
		_Write_Flash   		CODE           	00AE	0000	183
		_Get_Version_Data		CODE           	02A6	0000	149
		_service_isr_high		CODE           	0008	0000	127
		_Check_Device_Reset		CODE           	074E	0000	13
		_Read_EE_Data  		CODE           	05FA	0000	83
		_Erase_Flash   		CODE           	042A	0000	107
		_Write_EE_Data 		CODE           	0494	0000	103
		_Bootload_Required		CODE           	064C	0000	57
		_Read_Flash    		CODE           	0552	0000	85
		_Read_Config   		CODE           	05A6	0000	85
		_service_isr_low		CODE           	0018	0000	147
		_StartWrite    		CODE           	0736	0000	13
		_BOOTLOADER_Initialize		CODE           	06D2	0000	27

mcc_generated_files/pic18f_bootload.c estimated size: 1542

main.c
		_main          		CODE           	075A	0000	7

main.c estimated size: 7

